Component: ARM Compiler 5.06 update 7 (build 960) Tool: armlink [4d3601]

==============================================================================

Section Cross References

    startup_stm32f10x_hd.o(RESET) refers to startup_stm32f10x_hd.o(STACK) for __initial_sp
    startup_stm32f10x_hd.o(RESET) refers to startup_stm32f10x_hd.o(.text) for Reset_Handler
    startup_stm32f10x_hd.o(RESET) refers to stm32f10x_it.o(i.NMI_Handler) for NMI_Handler
    startup_stm32f10x_hd.o(RESET) refers to stm32f10x_it.o(i.HardFault_Handler) for HardFault_Handler
    startup_stm32f10x_hd.o(RESET) refers to stm32f10x_it.o(i.MemManage_Handler) for MemManage_Handler
    startup_stm32f10x_hd.o(RESET) refers to stm32f10x_it.o(i.BusFault_Handler) for BusFault_Handler
    startup_stm32f10x_hd.o(RESET) refers to stm32f10x_it.o(i.UsageFault_Handler) for UsageFault_Handler
    startup_stm32f10x_hd.o(RESET) refers to port.o(.emb_text) for SVC_Handler
    startup_stm32f10x_hd.o(RESET) refers to stm32f10x_it.o(i.DebugMon_Handler) for DebugMon_Handler
    startup_stm32f10x_hd.o(RESET) refers to stm32f10x_it.o(i.SysTick_Handler) for SysTick_Handler
    startup_stm32f10x_hd.o(.text) refers to system_stm32f10x.o(i.SystemInit) for SystemInit
    startup_stm32f10x_hd.o(.text) refers to entry.o(.ARM.Collect$$$$00000000) for __main
    system_stm32f10x.o(i.SetSysClock) refers to system_stm32f10x.o(i.SetSysClockTo72) for SetSysClockTo72
    system_stm32f10x.o(i.SystemCoreClockUpdate) refers to system_stm32f10x.o(.data) for SystemCoreClock
    system_stm32f10x.o(i.SystemInit) refers to system_stm32f10x.o(i.SetSysClock) for SetSysClock
    stm32f10x_adc.o(i.ADC_DeInit) refers to stm32f10x_rcc.o(i.RCC_APB2PeriphResetCmd) for RCC_APB2PeriphResetCmd
    stm32f10x_bkp.o(i.BKP_DeInit) refers to stm32f10x_rcc.o(i.RCC_BackupResetCmd) for RCC_BackupResetCmd
    stm32f10x_can.o(i.CAN_DeInit) refers to stm32f10x_rcc.o(i.RCC_APB1PeriphResetCmd) for RCC_APB1PeriphResetCmd
    stm32f10x_can.o(i.CAN_GetITStatus) refers to stm32f10x_can.o(i.CheckITStatus) for CheckITStatus
    stm32f10x_cec.o(i.CEC_DeInit) refers to stm32f10x_rcc.o(i.RCC_APB1PeriphResetCmd) for RCC_APB1PeriphResetCmd
    stm32f10x_dac.o(i.DAC_DeInit) refers to stm32f10x_rcc.o(i.RCC_APB1PeriphResetCmd) for RCC_APB1PeriphResetCmd
    stm32f10x_flash.o(i.FLASH_EnableWriteProtection) refers to stm32f10x_flash.o(i.FLASH_WaitForLastOperation) for FLASH_WaitForLastOperation
    stm32f10x_flash.o(i.FLASH_EraseAllBank1Pages) refers to stm32f10x_flash.o(i.FLASH_WaitForLastBank1Operation) for FLASH_WaitForLastBank1Operation
    stm32f10x_flash.o(i.FLASH_EraseAllPages) refers to stm32f10x_flash.o(i.FLASH_WaitForLastOperation) for FLASH_WaitForLastOperation
    stm32f10x_flash.o(i.FLASH_EraseOptionBytes) refers to stm32f10x_flash.o(i.FLASH_GetReadOutProtectionStatus) for FLASH_GetReadOutProtectionStatus
    stm32f10x_flash.o(i.FLASH_EraseOptionBytes) refers to stm32f10x_flash.o(i.FLASH_WaitForLastOperation) for FLASH_WaitForLastOperation
    stm32f10x_flash.o(i.FLASH_ErasePage) refers to stm32f10x_flash.o(i.FLASH_WaitForLastOperation) for FLASH_WaitForLastOperation
    stm32f10x_flash.o(i.FLASH_ProgramHalfWord) refers to stm32f10x_flash.o(i.FLASH_WaitForLastOperation) for FLASH_WaitForLastOperation
    stm32f10x_flash.o(i.FLASH_ProgramOptionByteData) refers to stm32f10x_flash.o(i.FLASH_WaitForLastOperation) for FLASH_WaitForLastOperation
    stm32f10x_flash.o(i.FLASH_ProgramWord) refers to stm32f10x_flash.o(i.FLASH_WaitForLastOperation) for FLASH_WaitForLastOperation
    stm32f10x_flash.o(i.FLASH_ReadOutProtection) refers to stm32f10x_flash.o(i.FLASH_WaitForLastOperation) for FLASH_WaitForLastOperation
    stm32f10x_flash.o(i.FLASH_UserOptionByteConfig) refers to stm32f10x_flash.o(i.FLASH_WaitForLastOperation) for FLASH_WaitForLastOperation
    stm32f10x_flash.o(i.FLASH_WaitForLastBank1Operation) refers to stm32f10x_flash.o(i.FLASH_GetBank1Status) for FLASH_GetBank1Status
    stm32f10x_flash.o(i.FLASH_WaitForLastOperation) refers to stm32f10x_flash.o(i.FLASH_GetBank1Status) for FLASH_GetBank1Status
    stm32f10x_gpio.o(i.GPIO_AFIODeInit) refers to stm32f10x_rcc.o(i.RCC_APB2PeriphResetCmd) for RCC_APB2PeriphResetCmd
    stm32f10x_gpio.o(i.GPIO_DeInit) refers to stm32f10x_rcc.o(i.RCC_APB2PeriphResetCmd) for RCC_APB2PeriphResetCmd
    stm32f10x_i2c.o(i.I2C_DeInit) refers to stm32f10x_rcc.o(i.RCC_APB1PeriphResetCmd) for RCC_APB1PeriphResetCmd
    stm32f10x_i2c.o(i.I2C_Init) refers to stm32f10x_rcc.o(i.RCC_GetClocksFreq) for RCC_GetClocksFreq
    stm32f10x_pwr.o(i.PWR_DeInit) refers to stm32f10x_rcc.o(i.RCC_APB1PeriphResetCmd) for RCC_APB1PeriphResetCmd
    stm32f10x_rcc.o(i.RCC_GetClocksFreq) refers to stm32f10x_rcc.o(.data) for APBAHBPrescTable
    stm32f10x_rcc.o(i.RCC_WaitForHSEStartUp) refers to stm32f10x_rcc.o(i.RCC_GetFlagStatus) for RCC_GetFlagStatus
    stm32f10x_rtc.o(i.RTC_SetAlarm) refers to stm32f10x_rtc.o(i.RTC_EnterConfigMode) for RTC_EnterConfigMode
[...]
    Removing stm32f10x_tim.o(i.TIM_SetCounter), (4 bytes).
    Removing stm32f10x_tim.o(i.TIM_SetIC1Prescaler), (18 bytes).
    Removing stm32f10x_tim.o(i.TIM_SetIC2Prescaler), (26 bytes).
    Removing stm32f10x_tim.o(i.TIM_SetIC3Prescaler), (18 bytes).
    Removing stm32f10x_tim.o(i.TIM_SetIC4Prescaler), (26 bytes).
    Removing stm32f10x_tim.o(i.TIM_TIxExternalClockConfig), (62 bytes).
    Removing stm32f10x_tim.o(i.TIM_TimeBaseInit), (164 bytes).
    Removing stm32f10x_tim.o(i.TIM_TimeBaseStructInit), (18 bytes).
    Removing stm32f10x_tim.o(i.TIM_UpdateDisableConfig), (24 bytes).
    Removing stm32f10x_tim.o(i.TIM_UpdateRequestConfig), (24 bytes).
    Removing stm32f10x_usart.o(i.USART_ClearFlag), (18 bytes).
    Removing stm32f10x_usart.o(i.USART_ClearITPendingBit), (30 bytes).
    Removing stm32f10x_usart.o(i.USART_ClockInit), (34 bytes).
    Removing stm32f10x_usart.o(i.USART_ClockStructInit), (12 bytes).
    Removing stm32f10x_usart.o(i.USART_DMACmd), (18 bytes).
    Removing stm32f10x_usart.o(i.USART_DeInit), (156 bytes).
    Removing stm32f10x_usart.o(i.USART_GetITStatus), (84 bytes).
    Removing stm32f10x_usart.o(i.USART_HalfDuplexCmd), (24 bytes).
    Removing stm32f10x_usart.o(i.USART_ITConfig), (74 bytes).
    Removing stm32f10x_usart.o(i.USART_IrDACmd), (24 bytes).
    Removing stm32f10x_usart.o(i.USART_IrDAConfig), (18 bytes).
    Removing stm32f10x_usart.o(i.USART_LINBreakDetectLengthConfig), (18 bytes).
    Removing stm32f10x_usart.o(i.USART_LINCmd), (24 bytes).
    Removing stm32f10x_usart.o(i.USART_OneBitMethodCmd), (24 bytes).
    Removing stm32f10x_usart.o(i.USART_OverSampling8Cmd), (22 bytes).
    Removing stm32f10x_usart.o(i.USART_ReceiveData), (10 bytes).
    Removing stm32f10x_usart.o(i.USART_ReceiverWakeUpCmd), (24 bytes).
    Removing stm32f10x_usart.o(i.USART_SendBreak), (10 bytes).
    Removing stm32f10x_usart.o(i.USART_SetAddress), (18 bytes).
    Removing stm32f10x_usart.o(i.USART_SetGuardTime), (16 bytes).
    Removing stm32f10x_usart.o(i.USART_SetPrescaler), (16 bytes).
    Removing stm32f10x_usart.o(i.USART_SmartCardCmd), (24 bytes).
    Removing stm32f10x_usart.o(i.USART_SmartCardNACKCmd), (24 bytes).
    Removing stm32f10x_usart.o(i.USART_StructInit), (24 bytes).
    Removing stm32f10x_usart.o(i.USART_WakeUpConfig), (18 bytes).
    Removing stm32f10x_wwdg.o(i.WWDG_ClearFlag), (12 bytes).
    Removing stm32f10x_wwdg.o(i.WWDG_DeInit), (22 bytes).
    Removing stm32f10x_wwdg.o(i.WWDG_Enable), (16 bytes).
    Removing stm32f10x_wwdg.o(i.WWDG_EnableIT), (12 bytes).
    Removing stm32f10x_wwdg.o(i.WWDG_GetFlagStatus), (12 bytes).
    Removing stm32f10x_wwdg.o(i.WWDG_SetCounter), (16 bytes).
    Removing stm32f10x_wwdg.o(i.WWDG_SetPrescaler), (24 bytes).
    Removing stm32f10x_wwdg.o(i.WWDG_SetWindowValue), (40 bytes).
    Removing delay.o(i.Delay_ms), (24 bytes).
    Removing delay.o(i.Delay_s), (24 bytes).
    Removing delay.o(i.Delay_us), (46 bytes).
    Removing bsp_usart.o(i.Usart_SendArray), (48 bytes).
    Removing bsp_usart.o(i.Usart_SendByte), (30 bytes).
    Removing bsp_usart.o(i.Usart_SendHalfWord), (60 bytes).
    Removing bsp_usart.o(i.Usart_SendString), (42 bytes).
    Removing bsp_usart.o(i.fgetc), (32 bytes).
    Removing bsp_ili9341_lcd.o(i.ILI9341_DispChar_EN), (152 bytes).
    Removing bsp_ili9341_lcd.o(i.ILI9341_DispStringLine_EN), (104 bytes).
    Removing bsp_ili9341_lcd.o(i.ILI9341_DispString_EN), (104 bytes).
    Removing bsp_ili9341_lcd.o(i.ILI9341_DispString_EN_YDir), (104 bytes).
    Removing bsp_ili9341_lcd.o(i.ILI9341_DrawCircle), (312 bytes).
    Removing bsp_ili9341_lcd.o(i.ILI9341_DrawLine), (160 bytes).
    Removing bsp_ili9341_lcd.o(i.ILI9341_DrawRectangle), (136 bytes).
    Removing bsp_ili9341_lcd.o(i.ILI9341_GetPointPixel), (24 bytes).
    Removing bsp_ili9341_lcd.o(i.ILI9341_Read_PixelData), (56 bytes).
    Removing bsp_ili9341_lcd.o(i.ILI9341_SetCursor), (20 bytes).
    Removing bsp_ili9341_lcd.o(i.ILI9341_SetPointPixel), (56 bytes).
    Removing bsp_ili9341_lcd.o(i.LCD_ClearLine), (32 bytes).
    Removing bsp_ili9341_lcd.o(i.LCD_GetColors), (24 bytes).
    Removing bsp_ili9341_lcd.o(i.LCD_GetFont), (12 bytes).
    Removing bsp_ili9341_lcd.o(i.LCD_SetBackColor), (12 bytes).
    Removing bsp_ili9341_lcd.o(i.LCD_SetFont), (12 bytes).
    Removing bsp_ili9341_lcd.o(i.LCD_SetTextColor), (12 bytes).
    Removing key.o(i.Key_Init), (72 bytes).
    Removing object.o(i.Create_Enemy), (88 bytes).
    Removing object.o(i.Create_Hero), (32 bytes).
    Removing event_groups.o(i.prvTestWaitCondition), (30 bytes).
    Removing event_groups.o(i.vEventGroupClearBitsCallback), (16 bytes).
    Removing event_groups.o(i.vEventGroupDelete), (116 bytes).
    Removing event_groups.o(i.vEventGroupSetBitsCallback), (16 bytes).
    Removing event_groups.o(i.xEventGroupClearBits), (116 bytes).
    Removing event_groups.o(i.xEventGroupCreate), (26 bytes).
    Removing event_groups.o(i.xEventGroupGetBitsFromISR), (44 bytes).
    Removing event_groups.o(i.xEventGroupSetBits), (232 bytes).
    Removing event_groups.o(i.xEventGroupSync), (276 bytes).
    Removing event_groups.o(i.xEventGroupWaitBits), (344 bytes).
    Removing queue.o(i.pcQueueGetName), (44 bytes).
    Removing queue.o(i.prvInitialiseMutex), (28 bytes).
    Removing queue.o(i.uxQueueMessagesWaiting), (72 bytes).
    Removing queue.o(i.uxQueueMessagesWaitingFromISR), (64 bytes).
    Removing queue.o(i.uxQueueSpacesAvailable), (80 bytes).
    Removing queue.o(i.vQueueDelete), (76 bytes).
    Removing queue.o(i.vQueueUnregisterQueue), (48 bytes).
    Removing queue.o(i.xQueueCreateMutex), (34 bytes).
    Removing queue.o(i.xQueueGiveFromISR), (236 bytes).
    Removing queue.o(i.xQueueIsQueueEmptyFromISR), (72 bytes).
    Removing queue.o(i.xQueueIsQueueFullFromISR), (76 bytes).
    Removing queue.o(i.xQueuePeekFromISR), (188 bytes).
    Removing queue.o(i.xQueueReceiveFromISR), (224 bytes).
    Removing tasks.o(i.eTaskGetState), (164 bytes).
    Removing tasks.o(i.pcTaskGetName), (80 bytes).
    Removing tasks.o(i.prvTaskIsTaskSuspended), (120 bytes).
    Removing tasks.o(i.ulTaskNotifyTake), (116 bytes).
    Removing tasks.o(i.uxTaskGetNumberOfTasks), (12 bytes).
    Removing tasks.o(i.uxTaskPriorityGet), (36 bytes).
    Removing tasks.o(i.uxTaskPriorityGetFromISR), (68 bytes).
    Removing tasks.o(i.uxTaskResetEventItemValue), (28 bytes).
    Removing tasks.o(i.vTaskDelayUntil), (224 bytes).
    Removing tasks.o(i.vTaskEndScheduler), (36 bytes).
    Removing tasks.o(i.vTaskNotifyGiveFromISR), (260 bytes).
    Removing tasks.o(i.vTaskPlaceOnUnorderedEventList), (128 bytes).
    Removing tasks.o(i.vTaskPrioritySet), (308 bytes).
    Removing tasks.o(i.vTaskResume), (176 bytes).
    Removing tasks.o(i.vTaskSuspend), (260 bytes).
    Removing tasks.o(i.xTaskGenericNotify), (280 bytes).
    Removing tasks.o(i.xTaskGenericNotifyFromISR), (344 bytes).
    Removing tasks.o(i.xTaskGetCurrentTaskHandle), (12 bytes).
    Removing tasks.o(i.xTaskGetTickCountFromISR), (20 bytes).
    Removing tasks.o(i.xTaskNotifyStateClear), (52 bytes).
    Removing tasks.o(i.xTaskNotifyWait), (160 bytes).
    Removing tasks.o(i.xTaskRemoveFromUnorderedEventList), (196 bytes).
    Removing tasks.o(i.xTaskResumeFromISR), (208 bytes).
    Removing timers.o(i.pcTimerGetName), (64 bytes).
    Removing timers.o(i.prvInitialiseNewTimer), (108 bytes).
    Removing timers.o(i.pvTimerGetTimerID), (76 bytes).
    Removing timers.o(i.vTimerSetTimerID), (76 bytes).
    Removing timers.o(i.xTimerCreate), (48 bytes).
    Removing timers.o(i.xTimerGetExpiryTime), (68 bytes).
    Removing timers.o(i.xTimerGetPeriod), (64 bytes).
    Removing timers.o(i.xTimerGetTimerDaemonTaskHandle), (80 bytes).
    Removing timers.o(i.xTimerIsTimerActive), (88 bytes).
    Removing port.o(i.vPortEndScheduler), (92 bytes).
    Removing heap_4.o(i.vPortInitialiseBlocks), (2 bytes).
    Removing heap_4.o(i.xPortGetFreeHeapSize), (12 bytes).
    Removing heap_4.o(i.xPortGetMinimumEverFreeHeapSize), (12 bytes).
    Removing dadd.o(.text), (334 bytes).
    Removing dmul.o(.text), (228 bytes).
    Removing ddiv.o(.text), (222 bytes).
    Removing dfixul.o(.text), (48 bytes).
    Removing cdrcmple.o(.text), (48 bytes).
    Removing depilogue.o(.text), (186 bytes).

552 unused section(s) (total 27536 bytes) removed from the image.

==============================================================================

Image Symbol Table

    Local Symbols

    Symbol Name                              Value     Ov Type        Size  Object(Section)

    ../clib/microlib/division.c              0x00000000   Number         0  uidiv.o ABSOLUTE
    ../clib/microlib/division.c              0x00000000   Number         0  uldiv.o ABSOLUTE
    ../clib/microlib/init/entry.s            0x00000000   Number         0  entry9a.o ABSOLUTE
    ../clib/microlib/init/entry.s            0x00000000   Number         0  entry10b.o ABSOLUTE
    ../clib/microlib/init/entry.s            0x00000000   Number         0  entry9b.o ABSOLUTE
    ../clib/microlib/init/entry.s            0x00000000   Number         0  entry10a.o ABSOLUTE
    ../clib/microlib/init/entry.s            0x00000000   Number         0  entry7b.o ABSOLUTE
    ../clib/microlib/init/entry.s            0x00000000   Number         0  entry7a.o ABSOLUTE
    ../clib/microlib/init/entry.s            0x00000000   Number         0  entry.o ABSOLUTE
    ../clib/microlib/init/entry.s            0x00000000   Number         0  entry11a.o ABSOLUTE
    ../clib/microlib/init/entry.s            0x00000000   Number         0  entry5.o ABSOLUTE
    ../clib/microlib/init/entry.s            0x00000000   Number         0  entry11b.o ABSOLUTE
    ../clib/microlib/init/entry.s            0x00000000   Number         0  entry12a.o ABSOLUTE
    ../clib/microlib/init/entry.s            0x00000000   Number         0  entry12b.o ABSOLUTE
    ../clib/microlib/init/entry.s            0x00000000   Number         0  entry2.o ABSOLUTE
    ../clib/microlib/init/entry.s            0x00000000   Number         0  entry8b.o ABSOLUTE
    ../clib/microlib/init/entry.s            0x00000000   Number         0  entry8a.o ABSOLUTE
    ../clib/microlib/longlong.c              0x00000000   Number         0  llshl.o ABSOLUTE
    ../clib/microlib/longlong.c              0x00000000   Number         0  llushr.o ABSOLUTE
    ../clib/microlib/longlong.c              0x00000000   Number         0  llsshr.o ABSOLUTE
    ../clib/microlib/malloc/malloc.c         0x00000000   Number         0  malloca.o ABSOLUTE
    ../clib/microlib/malloc/malloc.c         0x00000000   Number         0  mallocra.o ABSOLUTE
    ../clib/microlib/malloc/malloc.c         0x00000000   Number         0  mallocr.o ABSOLUTE
    ../clib/microlib/malloc/malloc.c         0x00000000   Number         0  malloc.o ABSOLUTE
    ../clib/microlib/malloc/mvars.c          0x00000000   Number         0  mvars.o ABSOLUTE
    ../clib/microlib/printf/printf.c         0x00000000   Number         0  printf5.o ABSOLUTE
    ../clib/microlib/printf/printf.c         0x00000000   Number         0  printf6.o ABSOLUTE
    ../clib/microlib/printf/printf.c         0x00000000   Number         0  printf7.o ABSOLUTE
    ../clib/microlib/printf/printf.c         0x00000000   Number         0  printf0.o ABSOLUTE
    ../clib/microlib/printf/printf.c         0x00000000   Number         0  printfb.o ABSOLUTE
    ../clib/microlib/printf/printf.c         0x00000000   Number         0  printf8.o ABSOLUTE
    ../clib/microlib/printf/printf.c         0x00000000   Number         0  printf4.o ABSOLUTE
    ../clib/microlib/printf/printf.c         0x00000000   Number         0  printfa.o ABSOLUTE
    ../clib/microlib/printf/printf.c         0x00000000   Number         0  printf1.o ABSOLUTE
    ../clib/microlib/printf/printf.c         0x00000000   Number         0  printf2.o ABSOLUTE
    ../clib/microlib/printf/printf.c         0x00000000   Number         0  printf3.o ABSOLUTE
    ../clib/microlib/printf/stubs.s          0x00000000   Number         0  stubs.o ABSOLUTE
    ../clib/microlib/stdio/streams.c         0x00000000   Number         0  stdout.o ABSOLUTE
    ../clib/microlib/string/memcpy.c         0x00000000   Number         0  memcpyb.o ABSOLUTE
    ../clib/microlib/string/memcpy.c         0x00000000   Number         0  memcpya.o ABSOLUTE
    ../clib/microlib/string/memset.c         0x00000000   Number         0  memseta.o ABSOLUTE
    ../clib/microlib/stubs.s                 0x00000000   Number         0  iusefp.o ABSOLUTE
    ../fplib/microlib/fpadd.c                0x00000000   Number         0  dadd.o ABSOLUTE
    ../fplib/microlib/fpdiv.c                0x00000000   Number         0  ddiv.o ABSOLUTE
    ../fplib/microlib/fpepilogue.c           0x00000000   Number         0  depilogue.o ABSOLUTE
    ../fplib/microlib/fpfix.c                0x00000000   Number         0  dfixul.o ABSOLUTE
    ../fplib/microlib/fpmul.c                0x00000000   Number         0  dmul.o ABSOLUTE
    FreeRTOS\\port\\RVDS\\ARM_CM3\\port.c    0x00000000   Number         0  port.o ABSOLUTE
    FreeRTOS\port\MemMang\heap_4.c           0x00000000   Number         0  heap_4.o ABSOLUTE
    FreeRTOS\port\RVDS\ARM_CM3\port.c        0x00000000   Number         0  port.o ABSOLUTE
    FreeRTOS\src\croutine.c                  0x00000000   Number         0  croutine.o ABSOLUTE
    FreeRTOS\src\event_groups.c              0x00000000   Number         0  event_groups.o ABSOLUTE
    FreeRTOS\src\list.c                      0x00000000   Number         0  list.o ABSOLUTE
    FreeRTOS\src\queue.c                     0x00000000   Number         0  queue.o ABSOLUTE
    FreeRTOS\src\tasks.c                     0x00000000   Number         0  tasks.o ABSOLUTE
    FreeRTOS\src\timers.c                    0x00000000   Number         0  timers.o ABSOLUTE
    Hardware\Key.c                           0x00000000   Number         0  key.o ABSOLUTE
    Hardware\bsp_ili9341_lcd.c               0x00000000   Number         0  bsp_ili9341_lcd.o ABSOLUTE
    Hardware\bsp_usart.c                     0x00000000   Number         0  bsp_usart.o ABSOLUTE
    Hardware\fonts.c                         0x00000000   Number         0  fonts.o ABSOLUTE
    Lib\misc.c                               0x00000000   Number         0  misc.o ABSOLUTE
    Lib\stm32f10x_adc.c                      0x00000000   Number         0  stm32f10x_adc.o ABSOLUTE
    Lib\stm32f10x_bkp.c                      0x00000000   Number         0  stm32f10x_bkp.o ABSOLUTE
    Lib\stm32f10x_can.c                      0x00000000   Number         0  stm32f10x_can.o ABSOLUTE
    Lib\stm32f10x_cec.c                      0x00000000   Number         0  stm32f10x_cec.o ABSOLUTE
    Lib\stm32f10x_crc.c                      0x00000000   Number         0  stm32f10x_crc.o ABSOLUTE
    Lib\stm32f10x_dac.c                      0x00000000   Number         0  stm32f10x_dac.o ABSOLUTE
    Lib\stm32f10x_dbgmcu.c                   0x00000000   Number         0  stm32f10x_dbgmcu.o ABSOLUTE
    Lib\stm32f10x_dma.c                      0x00000000   Number         0  stm32f10x_dma.o ABSOLUTE
    Lib\stm32f10x_exti.c                     0x00000000   Number         0  stm32f10x_exti.o ABSOLUTE
    Lib\stm32f10x_flash.c                    0x00000000   Number         0  stm32f10x_flash.o ABSOLUTE
    Lib\stm32f10x_fsmc.c                     0x00000000   Number         0  stm32f10x_fsmc.o ABSOLUTE
    Lib\stm32f10x_gpio.c                     0x00000000   Number         0  stm32f10x_gpio.o ABSOLUTE
    Lib\stm32f10x_i2c.c                      0x00000000   Number         0  stm32f10x_i2c.o ABSOLUTE
    Lib\stm32f10x_iwdg.c                     0x00000000   Number         0  stm32f10x_iwdg.o ABSOLUTE
    Lib\stm32f10x_pwr.c                      0x00000000   Number         0  stm32f10x_pwr.o ABSOLUTE
    Lib\stm32f10x_rcc.c                      0x00000000   Number         0  stm32f10x_rcc.o ABSOLUTE
    Lib\stm32f10x_rtc.c                      0x00000000   Number         0  stm32f10x_rtc.o ABSOLUTE
    Lib\stm32f10x_sdio.c                     0x00000000   Number         0  stm32f10x_sdio.o ABSOLUTE
    Lib\stm32f10x_spi.c                      0x00000000   Number         0  stm32f10x_spi.o ABSOLUTE
    Lib\stm32f10x_tim.c                      0x00000000   Number         0  stm32f10x_tim.o ABSOLUTE
    Lib\stm32f10x_usart.c                    0x00000000   Number         0  stm32f10x_usart.o ABSOLUTE
    Lib\stm32f10x_wwdg.c                     0x00000000   Number         0  stm32f10x_wwdg.o ABSOLUTE
    Start\\core_cm3.c                        0x00000000   Number         0  core_cm3.o ABSOLUTE
    Start\core_cm3.c                         0x00000000   Number         0  core_cm3.o ABSOLUTE
    Start\startup_stm32f10x_hd.s             0x00000000   Number         0  startup_stm32f10x_hd.o ABSOLUTE
    Start\system_stm32f10x.c                 0x00000000   Number         0  system_stm32f10x.o ABSOLUTE
    System\Delay.c                           0x00000000   Number         0  delay.o ABSOLUTE
    User\main.c                              0x00000000   Number         0  main.o ABSOLUTE
    User\object.c                            0x00000000   Number         0  object.o ABSOLUTE
    User\stm32f10x_it.c                      0x00000000   Number         0  stm32f10x_it.o ABSOLUTE
    cdrcmple.s                               0x00000000   Number         0  cdrcmple.o ABSOLUTE
    dc.s                                     0x00000000   Number         0  dc.o ABSOLUTE
    handlers.s                               0x00000000   Number         0  handlers.o ABSOLUTE
    init.s                                   0x00000000   Number         0  init.o ABSOLUTE
    RESET                                    0x08000000   Section      304  startup_stm32f10x_hd.o(RESET)
    .ARM.Collect$$$$00000000                 0x08000130   Section        0  entry.o(.ARM.Collect$$$$00000000)
    .ARM.Collect$$$$00000001                 0x08000130   Section        4  entry2.o(.ARM.Collect$$$$00000001)
    .ARM.Collect$$$$00000004                 0x08000134   Section        4  entry5.o(.ARM.Collect$$$$00000004)
    .ARM.Collect$$$$00000008                 0x08000138   Section        0  entry7b.o(.ARM.Collect$$$$00000008)
    .ARM.Collect$$$$0000000A                 0x08000138   Section        0  entry8b.o(.ARM.Collect$$$$0000000A)
    .ARM.Collect$$$$0000000B                 0x08000138   Section        8  entry9a.o(.ARM.Collect$$$$0000000B)
    .ARM.Collect$$$$0000000E                 0x08000140   Section        4  entry12b.o(.ARM.Collect$$$$0000000E)
    .ARM.Collect$$$$0000000F                 0x08000144   Section        0  entry10a.o(.ARM.Collect$$$$0000000F)
    .ARM.Collect$$$$00000011                 0x08000144   Section        0  entry11a.o(.ARM.Collect$$$$00000011)
    .ARM.Collect$$$$00002712                 0x08000144   Section        4  entry2.o(.ARM.Collect$$$$00002712)
    __lit__00000000                          0x08000144   Data           4  entry2.o(.ARM.Collect$$$$00002712)
    .emb_text                                0x08000148   Section      150  port.o(.emb_text)
    .text                                    0x080001e0   Section       36  startup_stm32f10x_hd.o(.text)
    .text                                    0x08000204   Section        0  memcpya.o(.text)
    .text                                    0x08000228   Section        0  memseta.o(.text)
    .text                                    0x0800024c   Section        0  uidiv.o(.text)
    .text                                    0x08000278   Section       36  init.o(.text)
    i.AppTaskCreate                          0x0800029c   Section        0  main.o(i.AppTaskCreate)
    AppTaskCreate                            0x0800029d   Thumb Code   172  main.o(i.AppTaskCreate)
    i.BSP_Init                               0x080003cc   Section        0  main.o(i.BSP_Init)
    BSP_Init                                 0x080003cd   Thumb Code    48  main.o(i.BSP_Init)
    i.BusFault_Handler                       0x08000404   Section        0  stm32f10x_it.o(i.BusFault_Handler)
    i.Create_EnemyFlight                     0x08000408   Section        0  main.o(i.Create_EnemyFlight)
    Create_EnemyFlight                       0x08000409   Thumb Code     4  main.o(i.Create_EnemyFlight)
    i.DebugMon_Handler                       0x0800040c   Section        0  stm32f10x_it.o(i.DebugMon_Handler)
    i.FSMC_NORSRAMCmd                        0x08000410   Section        0  stm32f10x_fsmc.o(i.FSMC_NORSRAMCmd)
    i.FSMC_NORSRAMInit                       0x08000444   Section        0  stm32f10x_fsmc.o(i.FSMC_NORSRAMInit)
    i.GPIO_Init                              0x0800052a   Section        0  stm32f10x_gpio.o(i.GPIO_Init)
    i.GPIO_ReadInputDataBit                  0x08000640   Section        0  stm32f10x_gpio.o(i.GPIO_ReadInputDataBit)
    i.GPIO_ResetBits                         0x08000652   Section        0  stm32f10x_gpio.o(i.GPIO_ResetBits)
    i.GPIO_SetBits                           0x08000656   Section        0  stm32f10x_gpio.o(i.GPIO_SetBits)
    i.HardFault_Handler                      0x0800065a   Section        0  stm32f10x_it.o(i.HardFault_Handler)
    i.ILI9341_BackLed_Control                0x08000660   Section        0  bsp_ili9341_lcd.o(i.ILI9341_BackLed_Control)
    i.ILI9341_Clear                          0x08000684   Section        0  bsp_ili9341_lcd.o(i.ILI9341_Clear)
    i.ILI9341_Delay                          0x080006b0   Section        0  bsp_ili9341_lcd.o(i.ILI9341_Delay)
    ILI9341_Delay                            0x080006b1   Thumb Code    18  bsp_ili9341_lcd.o(i.ILI9341_Delay)
    i.ILI9341_FSMC_Config                    0x080006c2   Section        0  bsp_ili9341_lcd.o(i.ILI9341_FSMC_Config)
    ILI9341_FSMC_Config                      0x080006c3   Thumb Code   110  bsp_ili9341_lcd.o(i.ILI9341_FSMC_Config)
    i.ILI9341_FillColor                      0x08000730   Section        0  bsp_ili9341_lcd.o(i.ILI9341_FillColor)
    ILI9341_FillColor                        0x08000731   Thumb Code    32  bsp_ili9341_lcd.o(i.ILI9341_FillColor)
    i.ILI9341_GPIO_Config                    0x08000750   Section        0  bsp_ili9341_lcd.o(i.ILI9341_GPIO_Config)
    ILI9341_GPIO_Config                      0x08000751   Thumb Code   398  bsp_ili9341_lcd.o(i.ILI9341_GPIO_Config)
    i.ILI9341_GramScan                       0x080008e8   Section        0  bsp_ili9341_lcd.o(i.ILI9341_GramScan)
    i.ILI9341_Init                           0x080009c8   Section        0  bsp_ili9341_lcd.o(i.ILI9341_Init)
    i.ILI9341_OpenWindow                     0x080009f0   Section        0  bsp_ili9341_lcd.o(i.ILI9341_OpenWindow)
    i.ILI9341_REG_Config                     0x08000a50   Section        0  bsp_ili9341_lcd.o(i.ILI9341_REG_Config)
    ILI9341_REG_Config                       0x08000a51   Thumb Code  1098  bsp_ili9341_lcd.o(i.ILI9341_REG_Config)
    i.ILI9341_ReadID                         0x08000ea0   Section        0  bsp_ili9341_lcd.o(i.ILI9341_ReadID)
    i.ILI9341_Read_Data                      0x08000f10   Section        0  bsp_ili9341_lcd.o(i.ILI9341_Read_Data)
    ILI9341_Read_Data                        0x08000f11   Thumb Code     6  bsp_ili9341_lcd.o(i.ILI9341_Read_Data)
    i.ILI9341_Rst                            0x08000f1c   Section        0  bsp_ili9341_lcd.o(i.ILI9341_Rst)
    i.ILI9341_Write_Cmd                      0x08000f44   Section        0  bsp_ili9341_lcd.o(i.ILI9341_Write_Cmd)
    ILI9341_Write_Cmd                        0x08000f45   Thumb Code     8  bsp_ili9341_lcd.o(i.ILI9341_Write_Cmd)
    i.ILI9341_Write_Data                     0x08000f4c   Section        0  bsp_ili9341_lcd.o(i.ILI9341_Write_Data)
    ILI9341_Write_Data                       0x08000f4d   Thumb Code     6  bsp_ili9341_lcd.o(i.ILI9341_Write_Data)
    i.LCD_DrawPicure                         0x08000f58   Section        0  bsp_ili9341_lcd.o(i.LCD_DrawPicure)
    i.LCD_MixPicure                          0x08000fc4   Section        0  bsp_ili9341_lcd.o(i.LCD_MixPicure)
    i.LCD_SetColors                          0x08001060   Section        0  bsp_ili9341_lcd.o(i.LCD_SetColors)
    i.MemManage_Handler                      0x08001074   Section        0  stm32f10x_it.o(i.MemManage_Handler)
    i.NMI_Handler                            0x08001078   Section        0  stm32f10x_it.o(i.NMI_Handler)
    i.NVIC_Configuration                     0x0800107a   Section        0  bsp_usart.o(i.NVIC_Configuration)
    NVIC_Configuration                       0x0800107b   Thumb Code    42  bsp_usart.o(i.NVIC_Configuration)
    i.NVIC_Init                              0x080010a4   Section        0  misc.o(i.NVIC_Init)
    i.NVIC_PriorityGroupConfig               0x08001114   Section        0  misc.o(i.NVIC_PriorityGroupConfig)
    i.Obj_Init                               0x08001128   Section        0  object.o(i.Obj_Init)
    i.Press_Key                              0x08001180   Section        0  main.o(i.Press_Key)
    Press_Key                                0x08001181   Thumb Code    24  main.o(i.Press_Key)
    i.Print_Image                            0x0800119c   Section        0  main.o(i.Print_Image)
    Print_Image                              0x0800119d   Thumb Code    42  main.o(i.Print_Image)
    i.RCC_AHBPeriphClockCmd                  0x080011cc   Section        0  stm32f10x_rcc.o(i.RCC_AHBPeriphClockCmd)
    i.RCC_APB2PeriphClockCmd                 0x080011ec   Section        0  stm32f10x_rcc.o(i.RCC_APB2PeriphClockCmd)
    i.RCC_GetClocksFreq                      0x0800120c   Section        0  stm32f10x_rcc.o(i.RCC_GetClocksFreq)
    i.Read_Key                               0x080012e0   Section        0  key.o(i.Read_Key)
    i.SetSysClock                            0x08001310   Section        0  system_stm32f10x.o(i.SetSysClock)
    SetSysClock                              0x08001311   Thumb Code     8  system_stm32f10x.o(i.SetSysClock)
    i.SetSysClockTo72                        0x08001318   Section        0  system_stm32f10x.o(i.SetSysClockTo72)
    SetSysClockTo72                          0x08001319   Thumb Code   214  system_stm32f10x.o(i.SetSysClockTo72)
    i.SysTick_Handler                        0x080013f8   Section        0  stm32f10x_it.o(i.SysTick_Handler)
    i.SystemInit                             0x08001408   Section        0  system_stm32f10x.o(i.SystemInit)
    i.USART_Cmd                              0x08001468   Section        0  stm32f10x_usart.o(i.USART_Cmd)
    i.USART_Config                           0x08001480   Section        0  bsp_usart.o(i.USART_Config)
    i.USART_GetFlagStatus                    0x08001504   Section        0  stm32f10x_usart.o(i.USART_GetFlagStatus)
    i.USART_Init                             0x08001520   Section        0  stm32f10x_usart.o(i.USART_Init)
    i.USART_SendData                         0x080015f8   Section        0  stm32f10x_usart.o(i.USART_SendData)
    i.Uart_Send                              0x08001600   Section        0  main.o(i.Uart_Send)
    Uart_Send                                0x08001601   Thumb Code     4  main.o(i.Uart_Send)
    i.Updata_location                        0x08001604   Section        0  main.o(i.Updata_location)
    Updata_location                          0x08001605   Thumb Code     4  main.o(i.Updata_location)
    i.UsageFault_Handler                     0x08001608   Section        0  stm32f10x_it.o(i.UsageFault_Handler)
    i.__0printf$3                            0x0800160c   Section        0  printf3.o(i.__0printf$3)
    i.__scatterload_copy                     0x0800162c   Section       14  handlers.o(i.__scatterload_copy)
    i.__scatterload_null                     0x0800163a   Section        2  handlers.o(i.__scatterload_null)
    i.__scatterload_zeroinit                 0x0800163c   Section       14  handlers.o(i.__scatterload_zeroinit)
    i._printf_core                           0x0800164c   Section        0  printf3.o(i._printf_core)
    _printf_core                             0x0800164d   Thumb Code   436  printf3.o(i._printf_core)
    i.fputc                                  0x08001804   Section        0  bsp_usart.o(i.fputc)
    i.main                                   0x08001828   Section        0  main.o(i.main)
    i.malloc                                 0x08001874   Section        0  malloc.o(i.malloc)
    i.prvAddCurrentTaskToDelayedList         0x080018e0   Section        0  tasks.o(i.prvAddCurrentTaskToDelayedList)
    prvAddCurrentTaskToDelayedList           0x080018e1   Thumb Code   124  tasks.o(i.prvAddCurrentTaskToDelayedList)
    i.prvAddNewTaskToReadyList               0x08001978   Section        0  tasks.o(i.prvAddNewTaskToReadyList)
    prvAddNewTaskToReadyList                 0x08001979   Thumb Code   150  tasks.o(i.prvAddNewTaskToReadyList)
    i.prvCheckForValidListAndQueue           0x08001a2c   Section        0  timers.o(i.prvCheckForValidListAndQueue)
    prvCheckForValidListAndQueue             0x08001a2d   Thumb Code    72  timers.o(i.prvCheckForValidListAndQueue)
    i.prvCheckTasksWaitingTermination        0x08001a90   Section        0  tasks.o(i.prvCheckTasksWaitingTermination)
    prvCheckTasksWaitingTermination          0x08001a91   Thumb Code    86  tasks.o(i.prvCheckTasksWaitingTermination)
    i.prvCopyDataFromQueue                   0x08001af4   Section        0  queue.o(i.prvCopyDataFromQueue)
    prvCopyDataFromQueue                     0x08001af5   Thumb Code    42  queue.o(i.prvCopyDataFromQueue)
    i.prvCopyDataToQueue                     0x08001b1e   Section        0  queue.o(i.prvCopyDataToQueue)
    prvCopyDataToQueue                       0x08001b1f   Thumb Code   124  queue.o(i.prvCopyDataToQueue)
    i.prvDeleteTCB                           0x08001b9a   Section        0  tasks.o(i.prvDeleteTCB)
    prvDeleteTCB                             0x08001b9b   Thumb Code    18  tasks.o(i.prvDeleteTCB)
    i.prvGetNextExpireTime                   0x08001bac   Section        0  timers.o(i.prvGetNextExpireTime)
    prvGetNextExpireTime                     0x08001bad   Thumb Code    36  timers.o(i.prvGetNextExpireTime)
    i.prvHeapInit                            0x08001bd4   Section        0  heap_4.o(i.prvHeapInit)
    prvHeapInit                              0x08001bd5   Thumb Code    98  heap_4.o(i.prvHeapInit)
    i.prvIdleTask                            0x08001c50   Section        0  tasks.o(i.prvIdleTask)
    prvIdleTask                              0x08001c51   Thumb Code    32  tasks.o(i.prvIdleTask)
    i.prvInitialiseNewQueue                  0x08001c78   Section        0  queue.o(i.prvInitialiseNewQueue)
    prvInitialiseNewQueue                    0x08001c79   Thumb Code    38  queue.o(i.prvInitialiseNewQueue)
    i.prvInitialiseNewTask                   0x08001ca0   Section        0  tasks.o(i.prvInitialiseNewTask)
    prvInitialiseNewTask                     0x08001ca1   Thumb Code   160  tasks.o(i.prvInitialiseNewTask)
    i.prvInitialiseTaskLists                 0x08001d68   Section        0  tasks.o(i.prvInitialiseTaskLists)
    prvInitialiseTaskLists                   0x08001d69   Thumb Code    70  tasks.o(i.prvInitialiseTaskLists)
    i.prvInsertBlockIntoFreeList             0x08001dd0   Section        0  heap_4.o(i.prvInsertBlockIntoFreeList)
    prvInsertBlockIntoFreeList               0x08001dd1   Thumb Code    96  heap_4.o(i.prvInsertBlockIntoFreeList)
    i.prvInsertTimerInActiveList             0x08001e38   Section        0  timers.o(i.prvInsertTimerInActiveList)
    prvInsertTimerInActiveList               0x08001e39   Thumb Code    80  timers.o(i.prvInsertTimerInActiveList)
    i.prvIsQueueEmpty                        0x08001e90   Section        0  queue.o(i.prvIsQueueEmpty)
    prvIsQueueEmpty                          0x08001e91   Thumb Code    26  queue.o(i.prvIsQueueEmpty)
    i.prvIsQueueFull                         0x08001eaa   Section        0  queue.o(i.prvIsQueueFull)
    prvIsQueueFull                           0x08001eab   Thumb Code    30  queue.o(i.prvIsQueueFull)
    i.prvProcessExpiredTimer                 0x08001ec8   Section        0  timers.o(i.prvProcessExpiredTimer)
    prvProcessExpiredTimer                   0x08001ec9   Thumb Code    84  timers.o(i.prvProcessExpiredTimer)
    i.prvProcessReceivedCommands             0x08001f48   Section        0  timers.o(i.prvProcessReceivedCommands)
    prvProcessReceivedCommands               0x08001f49   Thumb Code   222  timers.o(i.prvProcessReceivedCommands)
    i.prvProcessTimerOrBlockTask             0x08002054   Section        0  timers.o(i.prvProcessTimerOrBlockTask)
    prvProcessTimerOrBlockTask               0x08002055   Thumb Code   102  timers.o(i.prvProcessTimerOrBlockTask)
    i.prvResetNextTaskUnblockTime            0x080020c8   Section        0  tasks.o(i.prvResetNextTaskUnblockTime)
    prvResetNextTaskUnblockTime              0x080020c9   Thumb Code    42  tasks.o(i.prvResetNextTaskUnblockTime)
    i.prvSampleTimeNow                       0x080020fc   Section        0  timers.o(i.prvSampleTimeNow)
    prvSampleTimeNow                         0x080020fd   Thumb Code    40  timers.o(i.prvSampleTimeNow)
    i.prvSwitchTimerLists                    0x08002128   Section        0  timers.o(i.prvSwitchTimerLists)
    prvSwitchTimerLists                      0x08002129   Thumb Code   140  timers.o(i.prvSwitchTimerLists)
    i.prvTaskExitError                       0x080021e4   Section        0  port.o(i.prvTaskExitError)
    prvTaskExitError                         0x080021e5   Thumb Code    48  port.o(i.prvTaskExitError)
    i.prvTimerTask                           0x0800224c   Section        0  timers.o(i.prvTimerTask)
    prvTimerTask                             0x0800224d   Thumb Code    26  timers.o(i.prvTimerTask)
    i.prvUnlockQueue                         0x08002266   Section        0  queue.o(i.prvUnlockQueue)
    prvUnlockQueue                           0x08002267   Thumb Code   126  queue.o(i.prvUnlockQueue)
    i.pvPortMalloc                           0x080022e4   Section        0  heap_4.o(i.pvPortMalloc)
    i.pvTaskIncrementMutexHeldCount          0x08002430   Section        0  tasks.o(i.pvTaskIncrementMutexHeldCount)
    i.pxPortInitialiseStack                  0x08002450   Section        0  port.o(i.pxPortInitialiseStack)
    i.uxListRemove                           0x08002474   Section        0  list.o(i.uxListRemove)
    i.vListInitialise                        0x0800249c   Section        0  list.o(i.vListInitialise)
    i.vListInitialiseItem                    0x080024b6   Section        0  list.o(i.vListInitialiseItem)
    i.vListInsert                            0x080024bc   Section        0  list.o(i.vListInsert)
    i.vListInsertEnd                         0x080024f0   Section        0  list.o(i.vListInsertEnd)
    i.vPortEnterCritical                     0x08002508   Section        0  port.o(i.vPortEnterCritical)
    i.vPortExitCritical                      0x08002588   Section        0  port.o(i.vPortExitCritical)
    i.vPortFree                              0x080025f0   Section        0  heap_4.o(i.vPortFree)
    i.vPortSetupTimerInterrupt               0x080026a0   Section        0  port.o(i.vPortSetupTimerInterrupt)
    i.vPortValidateInterruptPriority         0x080026c0   Section        0  port.o(i.vPortValidateInterruptPriority)
    i.vQueueAddToRegistry                    0x08002758   Section        0  queue.o(i.vQueueAddToRegistry)
    i.vQueueWaitForMessageRestricted         0x08002784   Section        0  queue.o(i.vQueueWaitForMessageRestricted)
    i.vTaskDelay                             0x080027d0   Section        0  tasks.o(i.vTaskDelay)
    i.vTaskDelete                            0x08002848   Section        0  tasks.o(i.vTaskDelete)
    i.vTaskMissedYield                       0x08002958   Section        0  tasks.o(i.vTaskMissedYield)
    i.vTaskPlaceOnEventList                  0x08002964   Section        0  tasks.o(i.vTaskPlaceOnEventList)
    i.vTaskPlaceOnEventListRestricted        0x080029bc   Section        0  tasks.o(i.vTaskPlaceOnEventListRestricted)
    i.vTaskPriorityInherit                   0x08002a1c   Section        0  tasks.o(i.vTaskPriorityInherit)
    i.vTaskSetTimeOutState                   0x08002acc   Section        0  tasks.o(i.vTaskSetTimeOutState)
    i.vTaskStartScheduler                    0x08002b1c   Section        0  tasks.o(i.vTaskStartScheduler)
    i.vTaskSuspendAll                        0x08002bcc   Section        0  tasks.o(i.vTaskSuspendAll)
    i.vTaskSwitchContext                     0x08002bdc   Section        0  tasks.o(i.vTaskSwitchContext)
    i.xPortStartScheduler                    0x08002c88   Section        0  port.o(i.xPortStartScheduler)
    i.xPortSysTickHandler                    0x08002d28   Section        0  port.o(i.xPortSysTickHandler)
    i.xQueueGenericCreate                    0x08002d5c   Section        0  queue.o(i.xQueueGenericCreate)
    i.xQueueGenericReceive                   0x08002dd4   Section        0  queue.o(i.xQueueGenericReceive)
    i.xQueueGenericReset                     0x08002fa0   Section        0  queue.o(i.xQueueGenericReset)
    i.xQueueGenericSend                      0x08003054   Section        0  queue.o(i.xQueueGenericSend)
    i.xQueueGenericSendFromISR               0x080031fc   Section        0  queue.o(i.xQueueGenericSendFromISR)
    i.xTaskCheckForTimeOut                   0x08003300   Section        0  tasks.o(i.xTaskCheckForTimeOut)
    i.xTaskCreate                            0x080033a4   Section        0  tasks.o(i.xTaskCreate)
    i.xTaskGetSchedulerState                 0x08003404   Section        0  tasks.o(i.xTaskGetSchedulerState)
    i.xTaskGetTickCount                      0x08003424   Section        0  tasks.o(i.xTaskGetTickCount)
    i.xTaskIncrementTick                     0x08003430   Section        0  tasks.o(i.xTaskIncrementTick)
    i.xTaskPriorityDisinherit                0x08003594   Section        0  tasks.o(i.xTaskPriorityDisinherit)
    i.xTaskRemoveFromEventList               0x08003670   Section        0  tasks.o(i.xTaskRemoveFromEventList)
    i.xTaskResumeAll                         0x08003728   Section        0  tasks.o(i.xTaskResumeAll)
    i.xTimerCreateTimerTask                  0x0800384c   Section        0  timers.o(i.xTimerCreateTimerTask)
    i.xTimerGenericCommand                   0x080038c0   Section        0  timers.o(i.xTimerGenericCommand)
    .constdata                               0x08003960   Section    172816  fonts.o(.constdata)
    .data                                    0x20000000   Section       20  system_stm32f10x.o(.data)
    .data                                    0x20000014   Section       20  stm32f10x_rcc.o(.data)
    APBAHBPrescTable                         0x20000014   Data          16  stm32f10x_rcc.o(.data)
    ADCPrescTable                            0x20000024   Data           4  stm32f10x_rcc.o(.data)
    .data                                    0x20000028   Section       16  bsp_ili9341_lcd.o(.data)
    LCD_Currentfonts                         0x20000030   Data           4  bsp_ili9341_lcd.o(.data)
    CurrentTextColor                         0x20000034   Data           2  bsp_ili9341_lcd.o(.data)
    CurrentBackColor                         0x20000036   Data           2  bsp_ili9341_lcd.o(.data)
    .data                                    0x20000038   Section       24  fonts.o(.data)
    .data                                    0x20000050   Section       24  main.o(.data)
    AppTaskCreate_Handle                     0x20000050   Data           4  main.o(.data)
    Print_Handle                             0x20000054   Data           4  main.o(.data)
    Uart_Handle                              0x20000058   Data           4  main.o(.data)
    Create_Handle                            0x2000005c   Data           4  main.o(.data)
    Updata_Handle                            0x20000060   Data           4  main.o(.data)
    Key_Handle                               0x20000064   Data           4  main.o(.data)
    .data                                    0x20000068   Section       12  object.o(.data)
    .data                                    0x20000074   Section       60  tasks.o(.data)
    pxDelayedTaskList                        0x20000078   Data           4  tasks.o(.data)
    pxOverflowDelayedTaskList                0x2000007c   Data           4  tasks.o(.data)
    uxDeletedTasksWaitingCleanUp             0x20000080   Data           4  tasks.o(.data)
    uxCurrentNumberOfTasks                   0x20000084   Data           4  tasks.o(.data)
    xTickCount                               0x20000088   Data           4  tasks.o(.data)
    uxTopReadyPriority                       0x2000008c   Data           4  tasks.o(.data)
    xSchedulerRunning                        0x20000090   Data           4  tasks.o(.data)
    uxPendedTicks                            0x20000094   Data           4  tasks.o(.data)
    xYieldPending                            0x20000098   Data           4  tasks.o(.data)
    xNumOfOverflows                          0x2000009c   Data           4  tasks.o(.data)
    uxTaskNumber                             0x200000a0   Data           4  tasks.o(.data)
    xNextTaskUnblockTime                     0x200000a4   Data           4  tasks.o(.data)
    xIdleTaskHandle                          0x200000a8   Data           4  tasks.o(.data)
    uxSchedulerSuspended                     0x200000ac   Data           4  tasks.o(.data)
    .data                                    0x200000b0   Section       20  timers.o(.data)
    pxCurrentTimerList                       0x200000b0   Data           4  timers.o(.data)
    pxOverflowTimerList                      0x200000b4   Data           4  timers.o(.data)
    xTimerQueue                              0x200000b8   Data           4  timers.o(.data)
    xTimerTaskHandle                         0x200000bc   Data           4  timers.o(.data)
    xLastTime                                0x200000c0   Data           4  timers.o(.data)
    .data                                    0x200000c4   Section       12  port.o(.data)
    uxCriticalNesting                        0x200000c4   Data           4  port.o(.data)
    ucMaxSysCallPriority                     0x200000c8   Data           1  port.o(.data)
    ulMaxPRIGROUPValue                       0x200000cc   Data           4  port.o(.data)
    .data                                    0x200000d0   Section       24  heap_4.o(.data)
    xStart                                   0x200000d0   Data           8  heap_4.o(.data)
    pxEnd                                    0x200000d8   Data           4  heap_4.o(.data)
    xFreeBytesRemaining                      0x200000dc   Data           4  heap_4.o(.data)
    xMinimumEverFreeBytesRemaining           0x200000e0   Data           4  heap_4.o(.data)
    xBlockAllocatedBit                       0x200000e4   Data           4  heap_4.o(.data)
    .data                                    0x200000e8   Section        4  stdout.o(.data)
    .data                                    0x200000ec   Section        4  mvars.o(.data)
    .data                                    0x200000f0   Section        4  mvars.o(.data)
    .bss                                     0x200000f4   Section       48  object.o(.bss)
    .bss                                     0x20000124   Section       80  queue.o(.bss)
    .bss                                     0x20000174   Section      740  tasks.o(.bss)
    pxReadyTasksLists                        0x20000174   Data         640  tasks.o(.bss)
    xDelayedTaskList1                        0x200003f4   Data          20  tasks.o(.bss)
    xDelayedTaskList2                        0x20000408   Data          20  tasks.o(.bss)
    xPendingReadyList                        0x2000041c   Data          20  tasks.o(.bss)
    xTasksWaitingTermination                 0x20000430   Data          20  tasks.o(.bss)
    xSuspendedTaskList                       0x20000444   Data          20  tasks.o(.bss)
    .bss                                     0x20000458   Section       40  timers.o(.bss)
    xActiveTimerList1                        0x20000458   Data          20  timers.o(.bss)
    xActiveTimerList2                        0x2000046c   Data          20  timers.o(.bss)
    .bss                                     0x20000480   Section    36864  heap_4.o(.bss)
    ucHeap                                   0x20000480   Data       36864  heap_4.o(.bss)
    HEAP                                     0x20009480   Section      512  startup_stm32f10x_hd.o(HEAP)
    STACK                                    0x20009680   Section     1024  startup_stm32f10x_hd.o(STACK)

    Global Symbols

    Symbol Name                              Value     Ov Type        Size  Object(Section)

    BuildAttributes$$THM_ISAv4$P$D$K$B$S$PE$A:L22UL41UL21$X:L11$S22US41US21$IEEE1$IW$USESV6$~STKCKD$USESV7$~SHL$OSPACE$ROPI$EBA8$MICROLIB$REQ8$PRES8$EABIv2 0x00000000   Number         0  anon$$obj.o ABSOLUTE
    __ARM_use_no_argv                        0x00000000   Number         0  main.o ABSOLUTE
    _printf_a                                0x00000000   Number         0  stubs.o ABSOLUTE
    _printf_c                                0x00000000   Number         0  stubs.o ABSOLUTE
    _printf_charcount                        0x00000000   Number         0  stubs.o ABSOLUTE
    _printf_d                                0x00000000   Number         0  stubs.o ABSOLUTE
    _printf_e                                0x00000000   Number         0  stubs.o ABSOLUTE
    _printf_f                                0x00000000   Number         0  stubs.o ABSOLUTE
    _printf_flags                            0x00000000   Number         0  stubs.o ABSOLUTE
    _printf_fp_dec                           0x00000000   Number         0  stubs.o ABSOLUTE
    _printf_fp_hex                           0x00000000   Number         0  stubs.o ABSOLUTE
    _printf_g                                0x00000000   Number         0  stubs.o ABSOLUTE
    _printf_i                                0x00000000   Number         0  stubs.o ABSOLUTE
    _printf_int_dec                          0x00000000   Number         0  stubs.o ABSOLUTE
    _printf_l                                0x00000000   Number         0  stubs.o ABSOLUTE
    _printf_lc                               0x00000000   Number         0  stubs.o ABSOLUTE
    _printf_ll                               0x00000000   Number         0  stubs.o ABSOLUTE
    _printf_lld                              0x00000000   Number         0  stubs.o ABSOLUTE
    _printf_lli                              0x00000000   Number         0  stubs.o ABSOLUTE
    _printf_llo                              0x00000000   Number         0  stubs.o ABSOLUTE
    _printf_llu                              0x00000000   Number         0  stubs.o ABSOLUTE
    _printf_llx                              0x00000000   Number         0  stubs.o ABSOLUTE
    _printf_longlong_dec                     0x00000000   Number         0  stubs.o ABSOLUTE
    _printf_longlong_hex                     0x00000000   Number         0  stubs.o ABSOLUTE
    _printf_longlong_oct                     0x00000000   Number         0  stubs.o ABSOLUTE
    _printf_ls                               0x00000000   Number         0  stubs.o ABSOLUTE
    _printf_mbtowc                           0x00000000   Number         0  stubs.o ABSOLUTE
    _printf_n                                0x00000000   Number         0  stubs.o ABSOLUTE
    _printf_o                                0x00000000   Number         0  stubs.o ABSOLUTE
    _printf_p                                0x00000000   Number         0  stubs.o ABSOLUTE
    _printf_percent                          0x00000000   Number         0  stubs.o ABSOLUTE
    _printf_pre_padding                      0x00000000   Number         0  stubs.o ABSOLUTE
    _printf_return_value                     0x00000000   Number         0  stubs.o ABSOLUTE
    _printf_s                                0x00000000   Number         0  stubs.o ABSOLUTE
    _printf_sizespec                         0x00000000   Number         0  stubs.o ABSOLUTE
    _printf_str                              0x00000000   Number         0  stubs.o ABSOLUTE
    _printf_truncate_signed                  0x00000000   Number         0  stubs.o ABSOLUTE
    _printf_truncate_unsigned                0x00000000   Number         0  stubs.o ABSOLUTE
    _printf_u                                0x00000000   Number         0  stubs.o ABSOLUTE
    _printf_wc                               0x00000000   Number         0  stubs.o ABSOLUTE
    _printf_wctomb                           0x00000000   Number         0  stubs.o ABSOLUTE
    _printf_widthprec                        0x00000000   Number         0  stubs.o ABSOLUTE
    _printf_x                                0x00000000   Number         0  stubs.o ABSOLUTE
    __arm_fini_                               - Undefined Weak Reference
    __cpp_initialize__aeabi_                  - Undefined Weak Reference
    __cxa_finalize                            - Undefined Weak Reference
    __decompress                              - Undefined Weak Reference
    _clock_init                               - Undefined Weak Reference
    _microlib_exit                            - Undefined Weak Reference
    __Vectors_Size                           0x00000130   Number         0  startup_stm32f10x_hd.o ABSOLUTE
    __Vectors                                0x08000000   Data           4  startup_stm32f10x_hd.o(RESET)
    __Vectors_End                            0x08000130   Data           0  startup_stm32f10x_hd.o(RESET)
    __main                                   0x08000131   Thumb Code     0  entry.o(.ARM.Collect$$$$00000000)
    _main_stk                                0x08000131   Thumb Code     0  entry2.o(.ARM.Collect$$$$00000001)
    _main_scatterload                        0x08000135   Thumb Code     0  entry5.o(.ARM.Collect$$$$00000004)
    __main_after_scatterload                 0x08000139   Thumb Code     0  entry5.o(.ARM.Collect$$$$00000004)
    _main_clock                              0x08000139   Thumb Code     0  entry7b.o(.ARM.Collect$$$$00000008)
    _main_cpp_init                           0x08000139   Thumb Code     0  entry8b.o(.ARM.Collect$$$$0000000A)
    _main_init                               0x08000139   Thumb Code     0  entry9a.o(.ARM.Collect$$$$0000000B)
    __rt_lib_shutdown_fini                   0x08000141   Thumb Code     0  entry12b.o(.ARM.Collect$$$$0000000E)
    __rt_final_cpp                           0x08000145   Thumb Code     0  entry10a.o(.ARM.Collect$$$$0000000F)
    __rt_final_exit                          0x08000145   Thumb Code     0  entry11a.o(.ARM.Collect$$$$00000011)
    SVC_Handler                              0x08000149   Thumb Code    32  port.o(.emb_text)
    __asm___6_port_c_39a90d8d__prvStartFirstTask 0x0800016d   Thumb Code    28  port.o(.emb_text)
    PendSV_Handler                           0x0800018d   Thumb Code    72  port.o(.emb_text)
    vPortGetIPSR                             0x080001d9   Thumb Code     6  port.o(.emb_text)
    Reset_Handler                            0x080001e1   Thumb Code     8  startup_stm32f10x_hd.o(.text)
    ADC1_2_IRQHandler                        0x080001fb   Thumb Code     0  startup_stm32f10x_hd.o(.text)
    ADC3_IRQHandler                          0x080001fb   Thumb Code     0  startup_stm32f10x_hd.o(.text)
    CAN1_RX1_IRQHandler                      0x080001fb   Thumb Code     0  startup_stm32f10x_hd.o(.text)
    CAN1_SCE_IRQHandler                      0x080001fb   Thumb Code     0  startup_stm32f10x_hd.o(.text)
    DMA1_Channel1_IRQHandler                 0x080001fb   Thumb Code     0  startup_stm32f10x_hd.o(.text)
    DMA1_Channel2_IRQHandler                 0x080001fb   Thumb Code     0  startup_stm32f10x_hd.o(.text)
    DMA1_Channel3_IRQHandler                 0x080001fb   Thumb Code     0  startup_stm32f10x_hd.o(.text)
    DMA1_Channel4_IRQHandler                 0x080001fb   Thumb Code     0  startup_stm32f10x_hd.o(.text)
    DMA1_Channel5_IRQHandler                 0x080001fb   Thumb Code     0  startup_stm32f10x_hd.o(.text)
    DMA1_Channel6_IRQHandler                 0x080001fb   Thumb Code     0  startup_stm32f10x_hd.o(.text)
    DMA1_Channel7_IRQHandler                 0x080001fb   Thumb Code     0  startup_stm32f10x_hd.o(.text)
    DMA2_Channel1_IRQHandler                 0x080001fb   Thumb Code     0  startup_stm32f10x_hd.o(.text)
    DMA2_Channel2_IRQHandler                 0x080001fb   Thumb Code     0  startup_stm32f10x_hd.o(.text)
    DMA2_Channel3_IRQHandler                 0x080001fb   Thumb Code     0  startup_stm32f10x_hd.o(.text)
    DMA2_Channel4_5_IRQHandler               0x080001fb   Thumb Code     0  startup_stm32f10x_hd.o(.text)
    EXTI0_IRQHandler                         0x080001fb   Thumb Code     0  startup_stm32f10x_hd.o(.text)
    EXTI15_10_IRQHandler                     0x080001fb   Thumb Code     0  startup_stm32f10x_hd.o(.text)
    EXTI1_IRQHandler                         0x080001fb   Thumb Code     0  startup_stm32f10x_hd.o(.text)
    EXTI2_IRQHandler                         0x080001fb   Thumb Code     0  startup_stm32f10x_hd.o(.text)
    EXTI3_IRQHandler                         0x080001fb   Thumb Code     0  startup_stm32f10x_hd.o(.text)
    EXTI4_IRQHandler                         0x080001fb   Thumb Code     0  startup_stm32f10x_hd.o(.text)
    EXTI9_5_IRQHandler                       0x080001fb   Thumb Code     0  startup_stm32f10x_hd.o(.text)
    FLASH_IRQHandler                         0x080001fb   Thumb Code     0  startup_stm32f10x_hd.o(.text)
    FSMC_IRQHandler                          0x080001fb   Thumb Code     0  startup_stm32f10x_hd.o(.text)
    I2C1_ER_IRQHandler                       0x080001fb   Thumb Code     0  startup_stm32f10x_hd.o(.text)
    I2C1_EV_IRQHandler                       0x080001fb   Thumb Code     0  startup_stm32f10x_hd.o(.text)
    I2C2_ER_IRQHandler                       0x080001fb   Thumb Code     0  startup_stm32f10x_hd.o(.text)
    I2C2_EV_IRQHandler                       0x080001fb   Thumb Code     0  startup_stm32f10x_hd.o(.text)
    PVD_IRQHandler                           0x080001fb   Thumb Code     0  startup_stm32f10x_hd.o(.text)
    RCC_IRQHandler                           0x080001fb   Thumb Code     0  startup_stm32f10x_hd.o(.text)
    RTCAlarm_IRQHandler                      0x080001fb   Thumb Code     0  startup_stm32f10x_hd.o(.text)
    RTC_IRQHandler                           0x080001fb   Thumb Code     0  startup_stm32f10x_hd.o(.text)
    SDIO_IRQHandler                          0x080001fb   Thumb Code     0  startup_stm32f10x_hd.o(.text)
    SPI1_IRQHandler                          0x080001fb   Thumb Code     0  startup_stm32f10x_hd.o(.text)
    SPI2_IRQHandler                          0x080001fb   Thumb Code     0  startup_stm32f10x_hd.o(.text)
    SPI3_IRQHandler                          0x080001fb   Thumb Code     0  startup_stm32f10x_hd.o(.text)
    TAMPER_IRQHandler                        0x080001fb   Thumb Code     0  startup_stm32f10x_hd.o(.text)
    TIM1_BRK_IRQHandler                      0x080001fb   Thumb Code     0  startup_stm32f10x_hd.o(.text)
    TIM1_CC_IRQHandler                       0x080001fb   Thumb Code     0  startup_stm32f10x_hd.o(.text)
    TIM1_TRG_COM_IRQHandler                  0x080001fb   Thumb Code     0  startup_stm32f10x_hd.o(.text)
    TIM1_UP_IRQHandler                       0x080001fb   Thumb Code     0  startup_stm32f10x_hd.o(.text)
    TIM2_IRQHandler                          0x080001fb   Thumb Code     0  startup_stm32f10x_hd.o(.text)
    TIM3_IRQHandler                          0x080001fb   Thumb Code     0  startup_stm32f10x_hd.o(.text)
    TIM4_IRQHandler                          0x080001fb   Thumb Code     0  startup_stm32f10x_hd.o(.text)
    TIM5_IRQHandler                          0x080001fb   Thumb Code     0  startup_stm32f10x_hd.o(.text)
    TIM6_IRQHandler                          0x080001fb   Thumb Code     0  startup_stm32f10x_hd.o(.text)
    TIM7_IRQHandler                          0x080001fb   Thumb Code     0  startup_stm32f10x_hd.o(.text)
    TIM8_BRK_IRQHandler                      0x080001fb   Thumb Code     0  startup_stm32f10x_hd.o(.text)
    TIM8_CC_IRQHandler                       0x080001fb   Thumb Code     0  startup_stm32f10x_hd.o(.text)
    TIM8_TRG_COM_IRQHandler                  0x080001fb   Thumb Code     0  startup_stm32f10x_hd.o(.text)
    TIM8_UP_IRQHandler                       0x080001fb   Thumb Code     0  startup_stm32f10x_hd.o(.text)
    UART4_IRQHandler                         0x080001fb   Thumb Code     0  startup_stm32f10x_hd.o(.text)
    UART5_IRQHandler                         0x080001fb   Thumb Code     0  startup_stm32f10x_hd.o(.text)
    USART1_IRQHandler                        0x080001fb   Thumb Code     0  startup_stm32f10x_hd.o(.text)
    USART2_IRQHandler                        0x080001fb   Thumb Code     0  startup_stm32f10x_hd.o(.text)
    USART3_IRQHandler                        0x080001fb   Thumb Code     0  startup_stm32f10x_hd.o(.text)
    USBWakeUp_IRQHandler                     0x080001fb   Thumb Code     0  startup_stm32f10x_hd.o(.text)
    USB_HP_CAN1_TX_IRQHandler                0x080001fb   Thumb Code     0  startup_stm32f10x_hd.o(.text)
    USB_LP_CAN1_RX0_IRQHandler               0x080001fb   Thumb Code     0  startup_stm32f10x_hd.o(.text)
    WWDG_IRQHandler                          0x080001fb   Thumb Code     0  startup_stm32f10x_hd.o(.text)
    __aeabi_memcpy                           0x08000205   Thumb Code    36  memcpya.o(.text)
    __aeabi_memcpy4                          0x08000205   Thumb Code     0  memcpya.o(.text)
    __aeabi_memcpy8                          0x08000205   Thumb Code     0  memcpya.o(.text)
    __aeabi_memset                           0x08000229   Thumb Code    14  memseta.o(.text)
    __aeabi_memset4                          0x08000229   Thumb Code     0  memseta.o(.text)
    __aeabi_memset8                          0x08000229   Thumb Code     0  memseta.o(.text)
    __aeabi_memclr                           0x08000237   Thumb Code     4  memseta.o(.text)
    __aeabi_memclr4                          0x08000237   Thumb Code     0  memseta.o(.text)
    __aeabi_memclr8                          0x08000237   Thumb Code     0  memseta.o(.text)
    _memset$wrapper                          0x0800023b   Thumb Code    18  memseta.o(.text)
    __aeabi_uidiv                            0x0800024d   Thumb Code     0  uidiv.o(.text)
    __aeabi_uidivmod                         0x0800024d   Thumb Code    44  uidiv.o(.text)
    __scatterload                            0x08000279   Thumb Code    28  init.o(.text)
    __scatterload_rt2                        0x08000279   Thumb Code     0  init.o(.text)
    BusFault_Handler                         0x08000405   Thumb Code     4  stm32f10x_it.o(i.BusFault_Handler)
    DebugMon_Handler                         0x0800040d   Thumb Code     2  stm32f10x_it.o(i.DebugMon_Handler)
    FSMC_NORSRAMCmd                          0x08000411   Thumb Code    46  stm32f10x_fsmc.o(i.FSMC_NORSRAMCmd)
    FSMC_NORSRAMInit                         0x08000445   Thumb Code   230  stm32f10x_fsmc.o(i.FSMC_NORSRAMInit)
    GPIO_Init                                0x0800052b   Thumb Code   278  stm32f10x_gpio.o(i.GPIO_Init)
    GPIO_ReadInputDataBit                    0x08000641   Thumb Code    18  stm32f10x_gpio.o(i.GPIO_ReadInputDataBit)
    GPIO_ResetBits                           0x08000653   Thumb Code     4  stm32f10x_gpio.o(i.GPIO_ResetBits)
    GPIO_SetBits                             0x08000657   Thumb Code     4  stm32f10x_gpio.o(i.GPIO_SetBits)
    HardFault_Handler                        0x0800065b   Thumb Code     4  stm32f10x_it.o(i.HardFault_Handler)
    ILI9341_BackLed_Control                  0x08000661   Thumb Code    30  bsp_ili9341_lcd.o(i.ILI9341_BackLed_Control)
    ILI9341_Clear                            0x08000685   Thumb Code    40  bsp_ili9341_lcd.o(i.ILI9341_Clear)
    ILI9341_GramScan                         0x080008e9   Thumb Code   208  bsp_ili9341_lcd.o(i.ILI9341_GramScan)
    ILI9341_Init                             0x080009c9   Thumb Code    34  bsp_ili9341_lcd.o(i.ILI9341_Init)
    ILI9341_OpenWindow                       0x080009f1   Thumb Code    96  bsp_ili9341_lcd.o(i.ILI9341_OpenWindow)
    ILI9341_ReadID                           0x08000ea1   Thumb Code   108  bsp_ili9341_lcd.o(i.ILI9341_ReadID)
    ILI9341_Rst                              0x08000f1d   Thumb Code    36  bsp_ili9341_lcd.o(i.ILI9341_Rst)
    LCD_DrawPicure                           0x08000f59   Thumb Code    94  bsp_ili9341_lcd.o(i.LCD_DrawPicure)
    LCD_MixPicure                            0x08000fc5   Thumb Code   142  bsp_ili9341_lcd.o(i.LCD_MixPicure)
    LCD_SetColors                            0x08001061   Thumb Code    10  bsp_ili9341_lcd.o(i.LCD_SetColors)
    MemManage_Handler                        0x08001075   Thumb Code     4  stm32f10x_it.o(i.MemManage_Handler)
    NMI_Handler                              0x08001079   Thumb Code     2  stm32f10x_it.o(i.NMI_Handler)
    NVIC_Init                                0x080010a5   Thumb Code   100  misc.o(i.NVIC_Init)
    NVIC_PriorityGroupConfig                 0x08001115   Thumb Code    10  misc.o(i.NVIC_PriorityGroupConfig)
    Obj_Init                                 0x08001129   Thumb Code    72  object.o(i.Obj_Init)
    RCC_AHBPeriphClockCmd                    0x080011cd   Thumb Code    26  stm32f10x_rcc.o(i.RCC_AHBPeriphClockCmd)
    RCC_APB2PeriphClockCmd                   0x080011ed   Thumb Code    26  stm32f10x_rcc.o(i.RCC_APB2PeriphClockCmd)
    RCC_GetClocksFreq                        0x0800120d   Thumb Code   192  stm32f10x_rcc.o(i.RCC_GetClocksFreq)
    Read_Key                                 0x080012e1   Thumb Code    38  key.o(i.Read_Key)
    SysTick_Handler                          0x080013f9   Thumb Code    16  stm32f10x_it.o(i.SysTick_Handler)
    SystemInit                               0x08001409   Thumb Code    78  system_stm32f10x.o(i.SystemInit)
    USART_Cmd                                0x08001469   Thumb Code    24  stm32f10x_usart.o(i.USART_Cmd)
    USART_Config                             0x08001481   Thumb Code   124  bsp_usart.o(i.USART_Config)
    USART_GetFlagStatus                      0x08001505   Thumb Code    26  stm32f10x_usart.o(i.USART_GetFlagStatus)
    USART_Init                               0x08001521   Thumb Code   210  stm32f10x_usart.o(i.USART_Init)
    USART_SendData                           0x080015f9   Thumb Code     8  stm32f10x_usart.o(i.USART_SendData)
    UsageFault_Handler                       0x08001609   Thumb Code     4  stm32f10x_it.o(i.UsageFault_Handler)
    __0printf$3                              0x0800160d   Thumb Code    22  printf3.o(i.__0printf$3)
    __1printf$3                              0x0800160d   Thumb Code     0  printf3.o(i.__0printf$3)
    __2printf                                0x0800160d   Thumb Code     0  printf3.o(i.__0printf$3)
    __scatterload_copy                       0x0800162d   Thumb Code    14  handlers.o(i.__scatterload_copy)
    __scatterload_null                       0x0800163b   Thumb Code     2  handlers.o(i.__scatterload_null)
    __scatterload_zeroinit                   0x0800163d   Thumb Code    14  handlers.o(i.__scatterload_zeroinit)
    fputc                                    0x08001805   Thumb Code    32  bsp_usart.o(i.fputc)
    main                                     0x08001829   Thumb Code    50  main.o(i.main)
    malloc                                   0x08001875   Thumb Code    92  malloc.o(i.malloc)
    pvPortMalloc                             0x080022e5   Thumb Code   262  heap_4.o(i.pvPortMalloc)
    pvTaskIncrementMutexHeldCount            0x08002431   Thumb Code    26  tasks.o(i.pvTaskIncrementMutexHeldCount)
    pxPortInitialiseStack                    0x08002451   Thumb Code    30  port.o(i.pxPortInitialiseStack)
    uxListRemove                             0x08002475   Thumb Code    40  list.o(i.uxListRemove)
    vListInitialise                          0x0800249d   Thumb Code    26  list.o(i.vListInitialise)
    vListInitialiseItem                      0x080024b7   Thumb Code     6  list.o(i.vListInitialiseItem)
    vListInsert                              0x080024bd   Thumb Code    52  list.o(i.vListInsert)
    vListInsertEnd                           0x080024f1   Thumb Code    24  list.o(i.vListInsertEnd)
    vPortEnterCritical                       0x08002509   Thumb Code    68  port.o(i.vPortEnterCritical)
    vPortExitCritical                        0x08002589   Thumb Code    48  port.o(i.vPortExitCritical)
    vPortFree                                0x080025f1   Thumb Code   120  heap_4.o(i.vPortFree)
    vPortSetupTimerInterrupt                 0x080026a1   Thumb Code    26  port.o(i.vPortSetupTimerInterrupt)
    vPortValidateInterruptPriority           0x080026c1   Thumb Code    86  port.o(i.vPortValidateInterruptPriority)
    vQueueAddToRegistry                      0x08002759   Thumb Code    38  queue.o(i.vQueueAddToRegistry)
    vQueueWaitForMessageRestricted           0x08002785   Thumb Code    74  queue.o(i.vQueueWaitForMessageRestricted)
    vTaskDelay                               0x080027d1   Thumb Code    72  tasks.o(i.vTaskDelay)
    vTaskDelete                              0x08002849   Thumb Code   192  tasks.o(i.vTaskDelete)
    vTaskMissedYield                         0x08002959   Thumb Code     8  tasks.o(i.vTaskMissedYield)
    vTaskPlaceOnEventList                    0x08002965   Thumb Code    42  tasks.o(i.vTaskPlaceOnEventList)
    vTaskPlaceOnEventListRestricted          0x080029bd   Thumb Code    50  tasks.o(i.vTaskPlaceOnEventListRestricted)
    vTaskPriorityInherit                     0x08002a1d   Thumb Code   164  tasks.o(i.vTaskPriorityInherit)
    vTaskSetTimeOutState                     0x08002acd   Thumb Code    32  tasks.o(i.vTaskSetTimeOutState)
    vTaskStartScheduler                      0x08002b1d   Thumb Code   108  tasks.o(i.vTaskStartScheduler)
    vTaskSuspendAll                          0x08002bcd   Thumb Code    12  tasks.o(i.vTaskSuspendAll)
    vTaskSwitchContext                       0x08002bdd   Thumb Code   110  tasks.o(i.vTaskSwitchContext)
    xPortStartScheduler                      0x08002c89   Thumb Code   140  port.o(i.xPortStartScheduler)
    xPortSysTickHandler                      0x08002d29   Thumb Code    46  port.o(i.xPortSysTickHandler)
    xQueueGenericCreate                      0x08002d5d   Thumb Code    78  queue.o(i.xQueueGenericCreate)
    xQueueGenericReceive                     0x08002dd5   Thumb Code   416  queue.o(i.xQueueGenericReceive)
    xQueueGenericReset                       0x08002fa1   Thumb Code   136  queue.o(i.xQueueGenericReset)
    xQueueGenericSend                        0x08003055   Thumb Code   380  queue.o(i.xQueueGenericSend)
    xQueueGenericSendFromISR                 0x080031fd   Thumb Code   218  queue.o(i.xQueueGenericSendFromISR)
    xTaskCheckForTimeOut                     0x08003301   Thumb Code   116  tasks.o(i.xTaskCheckForTimeOut)
    xTaskCreate                              0x080033a5   Thumb Code    96  tasks.o(i.xTaskCreate)
    xTaskGetSchedulerState                   0x08003405   Thumb Code    24  tasks.o(i.xTaskGetSchedulerState)
    xTaskGetTickCount                        0x08003425   Thumb Code     6  tasks.o(i.xTaskGetTickCount)
    xTaskIncrementTick                       0x08003431   Thumb Code   272  tasks.o(i.xTaskIncrementTick)
    xTaskPriorityDisinherit                  0x08003595   Thumb Code   168  tasks.o(i.xTaskPriorityDisinherit)
    xTaskRemoveFromEventList                 0x08003671   Thumb Code   118  tasks.o(i.xTaskRemoveFromEventList)
    xTaskResumeAll                           0x08003729   Thumb Code   214  tasks.o(i.xTaskResumeAll)
    xTimerCreateTimerTask                    0x0800384d   Thumb Code    56  timers.o(i.xTimerCreateTimerTask)
    xTimerGenericCommand                     0x080038c1   Thumb Code   116  timers.o(i.xTimerGenericCommand)
    ASCII8x16_Table                          0x08003960   Data        1520  fonts.o(.constdata)
    ASCII16x24_Table                         0x08003f50   Data        4560  fonts.o(.constdata)
    ASCII24x32_Table                         0x08005120   Data        9120  fonts.o(.constdata)
    background                               0x080074c0   Data       153608  fonts.o(.constdata)
    flight                                   0x0802ccc8   Data        4008  fonts.o(.constdata)
    Region$$Table$$Base                      0x0802dc70   Number         0  anon$$obj.o(Region$$Table)
    Region$$Table$$Limit                     0x0802dc90   Number         0  anon$$obj.o(Region$$Table)
    SystemCoreClock                          0x20000000   Data           4  system_stm32f10x.o(.data)
    AHBPrescTable                            0x20000004   Data          16  system_stm32f10x.o(.data)
    LCD_X_LENGTH                             0x20000028   Data           2  bsp_ili9341_lcd.o(.data)
    LCD_Y_LENGTH                             0x2000002a   Data           2  bsp_ili9341_lcd.o(.data)
    LCD_SCAN_MODE                            0x2000002c   Data           1  bsp_ili9341_lcd.o(.data)
    lcdid                                    0x2000002e   Data           2  bsp_ili9341_lcd.o(.data)
    Font8x16                                 0x20000038   Data           8  fonts.o(.data)
    Font16x24                                0x20000040   Data           8  fonts.o(.data)
    Font24x32                                0x20000048   Data           8  fonts.o(.data)
    Hero                                     0x20000068   Data           8  object.o(.data)
    EnemyList                                0x20000070   Data           4  object.o(.data)
    pxCurrentTCB                             0x20000074   Data           4  tasks.o(.data)
    __stdout                                 0x200000e8   Data           4  stdout.o(.data)
    __microlib_freelist                      0x200000ec   Data           4  mvars.o(.data)
    __microlib_freelist_initialised          0x200000f0   Data           4  mvars.o(.data)
    IMAGE_LIB                                0x200000f4   Data          48  object.o(.bss)
    xQueueRegistry                           0x20000124   Data          80  queue.o(.bss)
    __heap_base                              0x20009480   Data           0  startup_stm32f10x_hd.o(HEAP)
    __heap_limit                             0x20009680   Data           0  startup_stm32f10x_hd.o(HEAP)
    __initial_sp                             0x20009a80   Data           0  startup_stm32f10x_hd.o(STACK)



==============================================================================

Memory Map of the image

  Image Entry point : 0x08000131

  Load Region LR_IROM1 (Base: 0x08000000, Size: 0x0002dd84, Max: 0x00080000, ABSOLUTE)

    Execution Region ER_IROM1 (Exec base: 0x08000000, Load base: 0x08000000, Size: 0x0002dc90, Max: 0x00080000, ABSOLUTE)

    Exec Addr    Load Addr    Size         Type   Attr      Idx    E Section Name        Object

    0x08000000   0x08000000   0x00000130   Data   RO            3    RESET               startup_stm32f10x_hd.o
    0x08000130   0x08000130   0x00000000   Code   RO         4588  * .ARM.Collect$$$$00000000  mc_w.l(entry.o)
    0x08000130   0x08000130   0x00000004   Code   RO         4886    .ARM.Collect$$$$00000001  mc_w.l(entry2.o)
    0x08000134   0x08000134   0x00000004   Code   RO         4889    .ARM.Collect$$$$00000004  mc_w.l(entry5.o)
    0x08000138   0x08000138   0x00000000   Code   RO         4891    .ARM.Collect$$$$00000008  mc_w.l(entry7b.o)
    0x08000138   0x08000138   0x00000000   Code   RO         4893    .ARM.Collect$$$$0000000A  mc_w.l(entry8b.o)
    0x08000138   0x08000138   0x00000008   Code   RO         4894    .ARM.Collect$$$$0000000B  mc_w.l(entry9a.o)
    0x08000140   0x08000140   0x00000004   Code   RO         4901    .ARM.Collect$$$$0000000E  mc_w.l(entry12b.o)
    0x08000144   0x08000144   0x00000000   Code   RO         4896    .ARM.Collect$$$$0000000F  mc_w.l(entry10a.o)
    0x08000144   0x08000144   0x00000000   Code   RO         4898    .ARM.Collect$$$$00000011  mc_w.l(entry11a.o)
    0x08000144   0x08000144   0x00000004   Code   RO         4887    .ARM.Collect$$$$00002712  mc_w.l(entry2.o)
    0x08000148   0x08000148   0x00000096   Code   RO         4462    .emb_text           port.o
    0x080001de   0x080001de   0x00000002   PAD
    0x080001e0   0x080001e0   0x00000024   Code   RO            4    .text               startup_stm32f10x_hd.o
    0x08000204   0x08000204   0x00000024   Code   RO         4591    .text               mc_w.l(memcpya.o)
    0x08000228   0x08000228   0x00000024   Code   RO         4593    .text               mc_w.l(memseta.o)
    0x0800024c   0x0800024c   0x0000002c   Code   RO         4903    .text               mc_w.l(uidiv.o)
    0x08000278   0x08000278   0x00000024   Code   RO         4920    .text               mc_w.l(init.o)
    0x0800029c   0x0800029c   0x00000130   Code   RO         3540    i.AppTaskCreate     main.o
    0x080003cc   0x080003cc   0x00000038   Code   RO         3541    i.BSP_Init          main.o
    0x08000404   0x08000404   0x00000004   Code   RO         3671    i.BusFault_Handler  stm32f10x_it.o
    0x08000408   0x08000408   0x00000004   Code   RO         3542    i.Create_EnemyFlight  main.o
    0x0800040c   0x0800040c   0x00000002   Code   RO         3672    i.DebugMon_Handler  stm32f10x_it.o
    0x0800040e   0x0800040e   0x00000002   PAD
    0x08000410   0x08000410   0x00000034   Code   RO         1229    i.FSMC_NORSRAMCmd   stm32f10x_fsmc.o
    0x08000444   0x08000444   0x000000e6   Code   RO         1231    i.FSMC_NORSRAMInit  stm32f10x_fsmc.o
    0x0800052a   0x0800052a   0x00000116   Code   RO         1347    i.GPIO_Init         stm32f10x_gpio.o
    0x08000640   0x08000640   0x00000012   Code   RO         1351    i.GPIO_ReadInputDataBit  stm32f10x_gpio.o
    0x08000652   0x08000652   0x00000004   Code   RO         1354    i.GPIO_ResetBits    stm32f10x_gpio.o
    0x08000656   0x08000656   0x00000004   Code   RO         1355    i.GPIO_SetBits      stm32f10x_gpio.o
    0x0800065a   0x0800065a   0x00000004   Code   RO         3673    i.HardFault_Handler  stm32f10x_it.o
    0x0800065e   0x0800065e   0x00000002   PAD
    0x08000660   0x08000660   0x00000024   Code   RO         3280    i.ILI9341_BackLed_Control  bsp_ili9341_lcd.o
    0x08000684   0x08000684   0x0000002c   Code   RO         3281    i.ILI9341_Clear     bsp_ili9341_lcd.o
    0x080006b0   0x080006b0   0x00000012   Code   RO         3282    i.ILI9341_Delay     bsp_ili9341_lcd.o
    0x080006c2   0x080006c2   0x0000006e   Code   RO         3290    i.ILI9341_FSMC_Config  bsp_ili9341_lcd.o
    0x08000730   0x08000730   0x00000020   Code   RO         3291    i.ILI9341_FillColor  bsp_ili9341_lcd.o
    0x08000750   0x08000750   0x00000198   Code   RO         3292    i.ILI9341_GPIO_Config  bsp_ili9341_lcd.o
    0x080008e8   0x080008e8   0x000000e0   Code   RO         3294    i.ILI9341_GramScan  bsp_ili9341_lcd.o
    0x080009c8   0x080009c8   0x00000028   Code   RO         3295    i.ILI9341_Init      bsp_ili9341_lcd.o
    0x080009f0   0x080009f0   0x00000060   Code   RO         3296    i.ILI9341_OpenWindow  bsp_ili9341_lcd.o
    0x08000a50   0x08000a50   0x00000450   Code   RO         3297    i.ILI9341_REG_Config  bsp_ili9341_lcd.o
    0x08000ea0   0x08000ea0   0x00000070   Code   RO         3298    i.ILI9341_ReadID    bsp_ili9341_lcd.o
    0x08000f10   0x08000f10   0x0000000c   Code   RO         3299    i.ILI9341_Read_Data  bsp_ili9341_lcd.o
    0x08000f1c   0x08000f1c   0x00000028   Code   RO         3301    i.ILI9341_Rst       bsp_ili9341_lcd.o
    0x08000f44   0x08000f44   0x00000008   Code   RO         3304    i.ILI9341_Write_Cmd  bsp_ili9341_lcd.o
    0x08000f4c   0x08000f4c   0x0000000c   Code   RO         3305    i.ILI9341_Write_Data  bsp_ili9341_lcd.o
    0x08000f58   0x08000f58   0x0000006c   Code   RO         3307    i.LCD_DrawPicure    bsp_ili9341_lcd.o
    0x08000fc4   0x08000fc4   0x0000009c   Code   RO         3310    i.LCD_MixPicure     bsp_ili9341_lcd.o
    0x08001060   0x08001060   0x00000014   Code   RO         3312    i.LCD_SetColors     bsp_ili9341_lcd.o
    0x08001074   0x08001074   0x00000004   Code   RO         3674    i.MemManage_Handler  stm32f10x_it.o
    0x08001078   0x08001078   0x00000002   Code   RO         3675    i.NMI_Handler       stm32f10x_it.o
    0x0800107a   0x0800107a   0x0000002a   Code   RO         3220    i.NVIC_Configuration  bsp_usart.o
    0x080010a4   0x080010a4   0x00000070   Code   RO          137    i.NVIC_Init         misc.o
    0x08001114   0x08001114   0x00000014   Code   RO          138    i.NVIC_PriorityGroupConfig  misc.o
    0x08001128   0x08001128   0x00000058   Code   RO         3642    i.Obj_Init          object.o
    0x08001180   0x08001180   0x0000001c   Code   RO         3543    i.Press_Key         main.o
    0x0800119c   0x0800119c   0x00000030   Code   RO         3544    i.Print_Image       main.o
    0x080011cc   0x080011cc   0x00000020   Code   RO         1774    i.RCC_AHBPeriphClockCmd  stm32f10x_rcc.o
    0x080011ec   0x080011ec   0x00000020   Code   RO         1777    i.RCC_APB2PeriphClockCmd  stm32f10x_rcc.o
    0x0800120c   0x0800120c   0x000000d4   Code   RO         1785    i.RCC_GetClocksFreq  stm32f10x_rcc.o
    0x080012e0   0x080012e0   0x00000030   Code   RO         3517    i.Read_Key          key.o
    0x08001310   0x08001310   0x00000008   Code   RO           24    i.SetSysClock       system_stm32f10x.o
    0x08001318   0x08001318   0x000000e0   Code   RO           25    i.SetSysClockTo72   system_stm32f10x.o
    0x080013f8   0x080013f8   0x00000010   Code   RO         3676    i.SysTick_Handler   stm32f10x_it.o
    0x08001408   0x08001408   0x00000060   Code   RO           27    i.SystemInit        system_stm32f10x.o
    0x08001468   0x08001468   0x00000018   Code   RO         2960    i.USART_Cmd         stm32f10x_usart.o
    0x08001480   0x08001480   0x00000084   Code   RO         3221    i.USART_Config      bsp_usart.o
    0x08001504   0x08001504   0x0000001a   Code   RO         2963    i.USART_GetFlagStatus  stm32f10x_usart.o
    0x0800151e   0x0800151e   0x00000002   PAD
    0x08001520   0x08001520   0x000000d8   Code   RO         2967    i.USART_Init        stm32f10x_usart.o
    0x080015f8   0x080015f8   0x00000008   Code   RO         2977    i.USART_SendData    stm32f10x_usart.o
    0x08001600   0x08001600   0x00000004   Code   RO         3545    i.Uart_Send         main.o
    0x08001604   0x08001604   0x00000004   Code   RO         3546    i.Updata_location   main.o
    0x08001608   0x08001608   0x00000004   Code   RO         3677    i.UsageFault_Handler  stm32f10x_it.o
    0x0800160c   0x0800160c   0x00000020   Code   RO         4686    i.__0printf$3       mc_w.l(printf3.o)
    0x0800162c   0x0800162c   0x0000000e   Code   RO         4932    i.__scatterload_copy  mc_w.l(handlers.o)
    0x0800163a   0x0800163a   0x00000002   Code   RO         4933    i.__scatterload_null  mc_w.l(handlers.o)
    0x0800163c   0x0800163c   0x0000000e   Code   RO         4934    i.__scatterload_zeroinit  mc_w.l(handlers.o)
    0x0800164a   0x0800164a   0x00000002   PAD
    0x0800164c   0x0800164c   0x000001b8   Code   RO         4693    i._printf_core      mc_w.l(printf3.o)
    0x08001804   0x08001804   0x00000024   Code   RO         3227    i.fputc             bsp_usart.o
    0x08001828   0x08001828   0x0000004c   Code   RO         3547    i.main              main.o
    0x08001874   0x08001874   0x0000006c   Code   RO         4859    i.malloc            mc_w.l(malloc.o)
    0x080018e0   0x080018e0   0x00000098   Code   RO         4029    i.prvAddCurrentTaskToDelayedList  tasks.o
    0x08001978   0x08001978   0x000000b4   Code   RO         4030    i.prvAddNewTaskToReadyList  tasks.o
    0x08001a2c   0x08001a2c   0x00000064   Code   RO         4344    i.prvCheckForValidListAndQueue  timers.o
    0x08001a90   0x08001a90   0x00000064   Code   RO         4031    i.prvCheckTasksWaitingTermination  tasks.o
    0x08001af4   0x08001af4   0x0000002a   Code   RO         3864    i.prvCopyDataFromQueue  queue.o
    0x08001b1e   0x08001b1e   0x0000007c   Code   RO         3865    i.prvCopyDataToQueue  queue.o
    0x08001b9a   0x08001b9a   0x00000012   Code   RO         4032    i.prvDeleteTCB      tasks.o
    0x08001bac   0x08001bac   0x00000028   Code   RO         4345    i.prvGetNextExpireTime  timers.o
    0x08001bd4   0x08001bd4   0x0000007c   Code   RO         4539    i.prvHeapInit       heap_4.o
    0x08001c50   0x08001c50   0x00000028   Code   RO         4033    i.prvIdleTask       tasks.o
    0x08001c78   0x08001c78   0x00000026   Code   RO         3867    i.prvInitialiseNewQueue  queue.o
    0x08001c9e   0x08001c9e   0x00000002   PAD
    0x08001ca0   0x08001ca0   0x000000c8   Code   RO         4034    i.prvInitialiseNewTask  tasks.o
    0x08001d68   0x08001d68   0x00000068   Code   RO         4035    i.prvInitialiseTaskLists  tasks.o
    0x08001dd0   0x08001dd0   0x00000068   Code   RO         4540    i.prvInsertBlockIntoFreeList  heap_4.o
    0x08001e38   0x08001e38   0x00000058   Code   RO         4347    i.prvInsertTimerInActiveList  timers.o
    0x08001e90   0x08001e90   0x0000001a   Code   RO         3868    i.prvIsQueueEmpty   queue.o
    0x08001eaa   0x08001eaa   0x0000001e   Code   RO         3869    i.prvIsQueueFull    queue.o
    0x08001ec8   0x08001ec8   0x00000080   Code   RO         4348    i.prvProcessExpiredTimer  timers.o
    0x08001f48   0x08001f48   0x0000010c   Code   RO         4349    i.prvProcessReceivedCommands  timers.o
    0x08002054   0x08002054   0x00000074   Code   RO         4350    i.prvProcessTimerOrBlockTask  timers.o
    0x080020c8   0x080020c8   0x00000034   Code   RO         4036    i.prvResetNextTaskUnblockTime  tasks.o
    0x080020fc   0x080020fc   0x0000002c   Code   RO         4351    i.prvSampleTimeNow  timers.o
    0x08002128   0x08002128   0x000000bc   Code   RO         4352    i.prvSwitchTimerLists  timers.o
    0x080021e4   0x080021e4   0x00000068   Code   RO         4463    i.prvTaskExitError  port.o
    0x0800224c   0x0800224c   0x0000001a   Code   RO         4353    i.prvTimerTask      timers.o
    0x08002266   0x08002266   0x0000007e   Code   RO         3870    i.prvUnlockQueue    queue.o
    0x080022e4   0x080022e4   0x0000014c   Code   RO         4541    i.pvPortMalloc      heap_4.o
    0x08002430   0x08002430   0x00000020   Code   RO         4038    i.pvTaskIncrementMutexHeldCount  tasks.o
    0x08002450   0x08002450   0x00000024   Code   RO         4464    i.pxPortInitialiseStack  port.o
    0x08002474   0x08002474   0x00000028   Code   RO         3827    i.uxListRemove      list.o
    0x0800249c   0x0800249c   0x0000001a   Code   RO         3828    i.vListInitialise   list.o
    0x080024b6   0x080024b6   0x00000006   Code   RO         3829    i.vListInitialiseItem  list.o
    0x080024bc   0x080024bc   0x00000034   Code   RO         3830    i.vListInsert       list.o
    0x080024f0   0x080024f0   0x00000018   Code   RO         3831    i.vListInsertEnd    list.o
    0x08002508   0x08002508   0x00000080   Code   RO         4466    i.vPortEnterCritical  port.o
    0x08002588   0x08002588   0x00000068   Code   RO         4467    i.vPortExitCritical  port.o
    0x080025f0   0x080025f0   0x000000b0   Code   RO         4542    i.vPortFree         heap_4.o
    0x080026a0   0x080026a0   0x00000020   Code   RO         4468    i.vPortSetupTimerInterrupt  port.o
    0x080026c0   0x080026c0   0x00000098   Code   RO         4469    i.vPortValidateInterruptPriority  port.o
    0x08002758   0x08002758   0x0000002c   Code   RO         3874    i.vQueueAddToRegistry  queue.o
    0x08002784   0x08002784   0x0000004a   Code   RO         3877    i.vQueueWaitForMessageRestricted  queue.o
    0x080027ce   0x080027ce   0x00000002   PAD
    0x080027d0   0x080027d0   0x00000078   Code   RO         4044    i.vTaskDelay        tasks.o
    0x08002848   0x08002848   0x00000110   Code   RO         4046    i.vTaskDelete       tasks.o
    0x08002958   0x08002958   0x0000000c   Code   RO         4048    i.vTaskMissedYield  tasks.o
    0x08002964   0x08002964   0x00000058   Code   RO         4050    i.vTaskPlaceOnEventList  tasks.o
    0x080029bc   0x080029bc   0x00000060   Code   RO         4051    i.vTaskPlaceOnEventListRestricted  tasks.o
    0x08002a1c   0x08002a1c   0x000000b0   Code   RO         4053    i.vTaskPriorityInherit  tasks.o
    0x08002acc   0x08002acc   0x00000050   Code   RO         4056    i.vTaskSetTimeOutState  tasks.o
    0x08002b1c   0x08002b1c   0x000000b0   Code   RO         4057    i.vTaskStartScheduler  tasks.o
    0x08002bcc   0x08002bcc   0x00000010   Code   RO         4059    i.vTaskSuspendAll   tasks.o
    0x08002bdc   0x08002bdc   0x000000ac   Code   RO         4060    i.vTaskSwitchContext  tasks.o
    0x08002c88   0x08002c88   0x000000a0   Code   RO         4470    i.xPortStartScheduler  port.o
    0x08002d28   0x08002d28   0x00000034   Code   RO         4471    i.xPortSysTickHandler  port.o
    0x08002d5c   0x08002d5c   0x00000078   Code   RO         3879    i.xQueueGenericCreate  queue.o
    0x08002dd4   0x08002dd4   0x000001cc   Code   RO         3880    i.xQueueGenericReceive  queue.o
    0x08002fa0   0x08002fa0   0x000000b4   Code   RO         3881    i.xQueueGenericReset  queue.o
    0x08003054   0x08003054   0x000001a8   Code   RO         3882    i.xQueueGenericSend  queue.o
    0x080031fc   0x080031fc   0x00000104   Code   RO         3883    i.xQueueGenericSendFromISR  queue.o
    0x08003300   0x08003300   0x000000a4   Code   RO         4061    i.xTaskCheckForTimeOut  tasks.o
    0x080033a4   0x080033a4   0x00000060   Code   RO         4062    i.xTaskCreate       tasks.o
    0x08003404   0x08003404   0x00000020   Code   RO         4066    i.xTaskGetSchedulerState  tasks.o
    0x08003424   0x08003424   0x0000000c   Code   RO         4067    i.xTaskGetTickCount  tasks.o
    0x08003430   0x08003430   0x00000164   Code   RO         4069    i.xTaskIncrementTick  tasks.o
    0x08003594   0x08003594   0x000000dc   Code   RO         4072    i.xTaskPriorityDisinherit  tasks.o
    0x08003670   0x08003670   0x000000b8   Code   RO         4073    i.xTaskRemoveFromEventList  tasks.o
    0x08003728   0x08003728   0x00000124   Code   RO         4075    i.xTaskResumeAll    tasks.o
    0x0800384c   0x0800384c   0x00000074   Code   RO         4357    i.xTimerCreateTimerTask  timers.o
    0x080038c0   0x080038c0   0x000000a0   Code   RO         4358    i.xTimerGenericCommand  timers.o
    0x08003960   0x08003960   0x0002a310   Data   RO         3503    .constdata          fonts.o
    0x0802dc70   0x0802dc70   0x00000020   Data   RO         4930    Region$$Table       anon$$obj.o


    Execution Region RW_IRAM1 (Exec base: 0x20000000, Load base: 0x0802dc90, Size: 0x00009a80, Max: 0x00010000, ABSOLUTE)

    Exec Addr    Load Addr    Size         Type   Attr      Idx    E Section Name        Object

    0x20000000   0x0802dc90   0x00000014   Data   RW           28    .data               system_stm32f10x.o
    0x20000014   0x0802dca4   0x00000014   Data   RW         1805    .data               stm32f10x_rcc.o
    0x20000028   0x0802dcb8   0x00000010   Data   RW         3315    .data               bsp_ili9341_lcd.o
    0x20000038   0x0802dcc8   0x00000018   Data   RW         3504    .data               fonts.o
    0x20000050   0x0802dce0   0x00000018   Data   RW         3548    .data               main.o
    0x20000068   0x0802dcf8   0x0000000c   Data   RW         3644    .data               object.o
    0x20000074   0x0802dd04   0x0000003c   Data   RW         4078    .data               tasks.o
    0x200000b0   0x0802dd40   0x00000014   Data   RW         4364    .data               timers.o
    0x200000c4   0x0802dd54   0x0000000c   Data   RW         4472    .data               port.o
    0x200000d0   0x0802dd60   0x00000018   Data   RW         4547    .data               heap_4.o
    0x200000e8   0x0802dd78   0x00000004   Data   RW         4902    .data               mc_w.l(stdout.o)
    0x200000ec   0x0802dd7c   0x00000004   Data   RW         4907    .data               mc_w.l(mvars.o)
    0x200000f0   0x0802dd80   0x00000004   Data   RW         4908    .data               mc_w.l(mvars.o)
    0x200000f4        -       0x00000030   Zero   RW         3643    .bss                object.o
    0x20000124        -       0x00000050   Zero   RW         3889    .bss                queue.o
    0x20000174        -       0x000002e4   Zero   RW         4077    .bss                tasks.o
    0x20000458        -       0x00000028   Zero   RW         4363    .bss                timers.o
    0x20000480        -       0x00009000   Zero   RW         4546    .bss                heap_4.o
    0x20009480        -       0x00000200   Zero   RW            2    HEAP                startup_stm32f10x_hd.o
    0x20009680        -       0x00000400   Zero   RW            1    STACK               startup_stm32f10x_hd.o


==============================================================================

Image component sizes


      Code (inc. data)   RO Data    RW Data    ZI Data      Debug   Object Name

      2580        116          0         16          0      13001   bsp_ili9341_lcd.o
       210         12          0          0          0       2747   bsp_usart.o
         0          0          0          0          0       4508   core_cm3.o
         0          0          0          0          0      11644   event_groups.o
         0          0     172816         24          0       1255   fonts.o
       736        160          0         24      36864       3539   heap_4.o
        48         10          0          0          0        447   key.o
       148          0          0          0          0       2822   list.o
       524        176          0         24          0      13443   main.o
       132         22          0          0          0     205955   misc.o
        88         16          0         12         48       1970   object.o
       918        288          0         12          0       9649   port.o
      1948        222          0          0         80      13881   queue.o
        36          8        304          0       1536        784   startup_stm32f10x_hd.o
         0          0          0          0          0       1620   stm32f10x_adc.o
       282          6          0          0          0       9421   stm32f10x_fsmc.o
       304          0          0          0          0      11552   stm32f10x_gpio.o
        36          0          0          0          0       2739   stm32f10x_it.o
       276         32          0         20          0      12733   stm32f10x_rcc.o
       274          6          0          0          0       9596   stm32f10x_usart.o
       328         28          0         20          0      32761   system_stm32f10x.o
      3442        930          0         60        740      27291   tasks.o
      1274        310          0         20         40       7827   timers.o

    ----------------------------------------------------------------------
     13596       2342     173152        232      39308     401185   Object Totals
         0          0         32          0          0          0   (incl. Generated)
        12          0          0          0          0          0   (incl. Padding)

    ----------------------------------------------------------------------

      Code (inc. data)   RO Data    RW Data    ZI Data      Debug   Library Member Name

         0          0          0          0          0          0   entry.o
         0          0          0          0          0          0   entry10a.o
         0          0          0          0          0          0   entry11a.o
         4          0          0          0          0          0   entry12b.o
         8          4          0          0          0          0   entry2.o
         4          0          0          0          0          0   entry5.o
         0          0          0          0          0          0   entry7b.o
         0          0          0          0          0          0   entry8b.o
         8          4          0          0          0          0   entry9a.o
        30          0          0          0          0          0   handlers.o
        36          8          0          0          0         68   init.o
       108         16          0          0          0         84   malloc.o
        36          0          0          0          0         68   memcpya.o
        36          0          0          0          0        108   memseta.o
         0          0          0          8          0          0   mvars.o
       472         14          0          0          0        184   printf3.o
         0          0          0          4          0          0   stdout.o
        44          0          0          0          0         80   uidiv.o

    ----------------------------------------------------------------------
       788         46          0         12          0        592   Library Totals
         2          0          0          0          0          0   (incl. Padding)

    ----------------------------------------------------------------------

      Code (inc. data)   RO Data    RW Data    ZI Data      Debug   Library Name

       786         46          0         12          0        592   mc_w.l

    ----------------------------------------------------------------------
       788         46          0         12          0        592   Library Totals

    ----------------------------------------------------------------------

==============================================================================


      Code (inc. data)   RO Data    RW Data    ZI Data      Debug   

     14384       2388     173152        244      39308     395377   Grand Totals
     14384       2388     173152        244      39308     395377   ELF Image Totals
     14384       2388     173152        244          0          0   ROM Totals

==============================================================================

    Total RO  Size (Code + RO Data)               187536 ( 183.14kB)
    Total RW  Size (RW Data + ZI Data)             39552 (  38.63kB)
    Total ROM Size (Code + RO Data + RW Data)     187780 ( 183.38kB)

==============================================================================

